Archive member included because of file (symbol)

.\CortexM3\ARM_GCC_484\Debug\Design01.a(cyfitter_cfg.o)
                              .\CortexM3\ARM_GCC_484\Debug\Cm3Start.o (cyfitter_cfg)
.\CortexM3\ARM_GCC_484\Debug\Design01.a(CyBootAsmGnu.o)
                              .\CortexM3\ARM_GCC_484\Debug\Design01.a(cyfitter_cfg.o) (CyDelayCycles)
.\CortexM3\ARM_GCC_484\Debug\Design01.a(CyDmac.o)
                              .\CortexM3\ARM_GCC_484\Debug\Cm3Start.o (CyDmacConfigure)
.\CortexM3\ARM_GCC_484\Debug\Design01.a(CyLib.o)
                              .\CortexM3\ARM_GCC_484\Debug\Cm3Start.o (CyResetStatus)
.\CortexM3\ARM_GCC_484\Debug\Design01.a(cyPm.o)
                              .\CortexM3\ARM_GCC_484\Debug\Design01.a(CyLib.o) (CyPmReadStatus)
.\CortexM3\ARM_GCC_484\Debug\Design01.a(LCD_Char_1.o)
                              .\CortexM3\ARM_GCC_484\Debug\main.o (LCD_Char_1_Start)
.\CortexM3\ARM_GCC_484\Debug\Design01.a(ADC_DelSig_1.o)
                              .\CortexM3\ARM_GCC_484\Debug\main.o (ADC_DelSig_1_Start)
.\CortexM3\ARM_GCC_484\Debug\Design01.a(ADC_DelSig_1_INT.o)
                              .\CortexM3\ARM_GCC_484\Debug\Design01.a(ADC_DelSig_1.o) (ADC_DelSig_1_ISR1)
.\CortexM3\ARM_GCC_484\Debug\Design01.a(DMA_1_dma.o)
                              .\CortexM3\ARM_GCC_484\Debug\main.o (DMA_1_DmaInitialize)
.\CortexM3\ARM_GCC_484\Debug\Design01.a(ADC_DelSig_1_AMux.o)
                              .\CortexM3\ARM_GCC_484\Debug\Design01.a(ADC_DelSig_1.o) (ADC_DelSig_1_AMux_Select)
.\CortexM3\ARM_GCC_484\Debug\Design01.a(ADC_DelSig_1_Ext_CP_Clk.o)
                              .\CortexM3\ARM_GCC_484\Debug\Design01.a(ADC_DelSig_1.o) (ADC_DelSig_1_Ext_CP_Clk_SetDividerRegister)
.\CortexM3\ARM_GCC_484\Debug\Design01.a(ADC_DelSig_1_theACLK.o)
                              .\CortexM3\ARM_GCC_484\Debug\Design01.a(ADC_DelSig_1.o) (ADC_DelSig_1_theACLK_SetDividerRegister)
.\CortexM3\ARM_GCC_484\Debug\Design01.a(DMA_2_dma.o)
                              .\CortexM3\ARM_GCC_484\Debug\main.o (DMA_2_DmaInitialize)
.\CortexM3\ARM_GCC_484\Debug\Design01.a(isr_1.o)
                              .\CortexM3\ARM_GCC_484\Debug\main.o (isr_1_StartEx)
.\CortexM3\ARM_GCC_484\Debug\Design01.a(isr_2.o)
                              .\CortexM3\ARM_GCC_484\Debug\main.o (isr_2_StartEx)
.\CortexM3\ARM_GCC_484\Debug\Design01.a(Filter.o)
                              .\CortexM3\ARM_GCC_484\Debug\main.o (Filter_Start)
.\CortexM3\ARM_GCC_484\Debug\Design01.a(Filter_PVT.o)
                              .\CortexM3\ARM_GCC_484\Debug\Design01.a(Filter.o) (Filter_SetInterruptMode)
.\CortexM3\ARM_GCC_484\Debug\Design01.a(Filter_RAM_Data.o)
                              .\CortexM3\ARM_GCC_484\Debug\Design01.a(Filter.o) (Filter_control)
.\CortexM3\ARM_GCC_484\Debug\Design01.a(ADC2Filter_DMA_dma.o)
                              .\CortexM3\ARM_GCC_484\Debug\main.o (ADC2Filter_DMA_DmaInitialize)
.\CortexM3\ARM_GCC_484\Debug\Design01.a(DMA_4_dma.o)
                              .\CortexM3\ARM_GCC_484\Debug\main.o (DMA_4_DmaInitialize)
.\CortexM3\ARM_GCC_484\Debug\Design01.a(DMA_3_dma.o)
                              .\CortexM3\ARM_GCC_484\Debug\main.o (DMA_3_DmaInitialize)
.\CortexM3\ARM_GCC_484\Debug\Design01.a(CyFlash.o)
                              .\CortexM3\ARM_GCC_484\Debug\Design01.a(cyPm.o) (CyFlash_SetWaitCycles)
.\CortexM3\ARM_GCC_484\Debug\Design01.a(CySpc.o)
                              .\CortexM3\ARM_GCC_484\Debug\Design01.a(CyFlash.o) (CySpcStart)
Z:\scottcarlson On My Mac\Code\repos\LED_controller\CMSISfile\CMSIS\Lib\GCC\libarm_cortexM3l_math.a(arm_const_structs.o)
                              .\CortexM3\ARM_GCC_484\Debug\main.o (arm_cfft_sR_q15_len256)
Z:\scottcarlson On My Mac\Code\repos\LED_controller\CMSISfile\CMSIS\Lib\GCC\libarm_cortexM3l_math.a(arm_common_tables.o)
                              Z:\scottcarlson On My Mac\Code\repos\LED_controller\CMSISfile\CMSIS\Lib\GCC\libarm_cortexM3l_math.a(arm_const_structs.o) (armBitRevIndexTable_fixed_4096)
Z:\scottcarlson On My Mac\Code\repos\LED_controller\CMSISfile\CMSIS\Lib\GCC\libarm_cortexM3l_math.a(arm_cfft_q15.o)
                              .\CortexM3\ARM_GCC_484\Debug\main.o (arm_cfft_q15)
Z:\scottcarlson On My Mac\Code\repos\LED_controller\CMSISfile\CMSIS\Lib\GCC\libarm_cortexM3l_math.a(arm_bitreversal2.o)
                              Z:\scottcarlson On My Mac\Code\repos\LED_controller\CMSISfile\CMSIS\Lib\GCC\libarm_cortexM3l_math.a(arm_cfft_q15.o) (arm_bitreversal_16)
Z:\scottcarlson On My Mac\Code\repos\LED_controller\CMSISfile\CMSIS\Lib\GCC\libarm_cortexM3l_math.a(arm_cfft_radix4_q15.o)
                              Z:\scottcarlson On My Mac\Code\repos\LED_controller\CMSISfile\CMSIS\Lib\GCC\libarm_cortexM3l_math.a(arm_cfft_q15.o) (arm_radix4_butterfly_q15)
Z:\scottcarlson On My Mac\Code\repos\LED_controller\CMSISfile\CMSIS\Lib\GCC\libarm_cortexM3l_math.a(arm_cmplx_mag_q15.o)
[...]
Memory Configuration

Name             Origin             Length             Attributes
rom              0x00000000         0x00040000         xr
ram              0x1fff8000         0x00010000         xrw
*default*        0x00000000         0xffffffff

Linker script and memory map

LOAD c:/program files/cypress/psoc creator/3.2/psoc creator/import/gnu/arm/4.8.4/bin/../lib/gcc/arm-none-eabi/4.8.4/armv7-m/crti.o
LOAD c:/program files/cypress/psoc creator/3.2/psoc creator/import/gnu/arm/4.8.4/bin/../lib/gcc/arm-none-eabi/4.8.4/armv7-m/crtbegin.o
LOAD c:/program files/cypress/psoc creator/3.2/psoc creator/import/gnu/arm/4.8.4/bin/../lib/gcc/arm-none-eabi/4.8.4/../../../../arm-none-eabi/lib/armv7-m/crt0.o
START GROUP
LOAD .\CortexM3\ARM_GCC_484\Debug\main.o
LOAD .\CortexM3\ARM_GCC_484\Debug\math_helper.o
LOAD .\CortexM3\ARM_GCC_484\Debug\cymetadata.o
LOAD .\CortexM3\ARM_GCC_484\Debug\Cm3Start.o
LOAD .\CortexM3\ARM_GCC_484\Debug\Design01.a
LOAD C:\Program Files\Cypress\PSoC Creator\3.2\PSoC Creator\psoc\content\cycomponentlibrary\CyComponentLibrary.cylib\CortexM3\ARM_GCC_484\Debug\CyComponentLibrary.a
LOAD Z:\scottcarlson On My Mac\Code\repos\LED_controller\CMSISfile\CMSIS\Lib\GCC\libarm_cortexM3l_math.a
LOAD c:/program files/cypress/psoc creator/3.2/psoc creator/import/gnu/arm/4.8.4/bin/../lib/gcc/arm-none-eabi/4.8.4/../../../../arm-none-eabi/lib/armv7-m\libm.a
END GROUP
START GROUP
LOAD c:/program files/cypress/psoc creator/3.2/psoc creator/import/gnu/arm/4.8.4/bin/../lib/gcc/arm-none-eabi/4.8.4/armv7-m\libgcc.a
LOAD c:/program files/cypress/psoc creator/3.2/psoc creator/import/gnu/arm/4.8.4/bin/../lib/gcc/arm-none-eabi/4.8.4/../../../../arm-none-eabi/lib/armv7-m\libg_s.a
LOAD c:/program files/cypress/psoc creator/3.2/psoc creator/import/gnu/arm/4.8.4/bin/../lib/gcc/arm-none-eabi/4.8.4/../../../../arm-none-eabi/lib/armv7-m\libc_s.a
END GROUP
START GROUP
LOAD c:/program files/cypress/psoc creator/3.2/psoc creator/import/gnu/arm/4.8.4/bin/../lib/gcc/arm-none-eabi/4.8.4/armv7-m\libgcc.a
LOAD c:/program files/cypress/psoc creator/3.2/psoc creator/import/gnu/arm/4.8.4/bin/../lib/gcc/arm-none-eabi/4.8.4/../../../../arm-none-eabi/lib/armv7-m\libc_s.a
END GROUP
LOAD c:/program files/cypress/psoc creator/3.2/psoc creator/import/gnu/arm/4.8.4/bin/../lib/gcc/arm-none-eabi/4.8.4/armv7-m/crtend.o
LOAD c:/program files/cypress/psoc creator/3.2/psoc creator/import/gnu/arm/4.8.4/bin/../lib/gcc/arm-none-eabi/4.8.4/armv7-m/crtn.o
START GROUP
LOAD c:/program files/cypress/psoc creator/3.2/psoc creator/import/gnu/arm/4.8.4/bin/../lib/gcc/arm-none-eabi/4.8.4/armv7-m\libgcc.a
LOAD c:/program files/cypress/psoc creator/3.2/psoc creator/import/gnu/arm/4.8.4/bin/../lib/gcc/arm-none-eabi/4.8.4/../../../../arm-none-eabi/lib/armv7-m\libc.a
LOAD c:/program files/cypress/psoc creator/3.2/psoc creator/import/gnu/arm/4.8.4/bin/../lib/gcc/arm-none-eabi/4.8.4/../../../../arm-none-eabi/lib/armv7-m\libnosys.a
END GROUP
                0x00000000                CY_APPL_ORIGIN = 0x0
                0x00000100                CY_FLASH_ROW_SIZE = 0x100
                0x00000020                CY_ECC_ROW_SIZE = 0x20
                0x00000000                CY_EE_IN_BTLDR = 0x0
                0x00000000                CY_APPL_LOADABLE = 0x0
                0x00000800                CY_EE_SIZE = 0x800
                0x00000001                CY_APPL_NUM = 0x1
                0x00000001                CY_APPL_MAX = 0x1
                0x00000040                CY_METADATA_SIZE = 0x40
                0x1fffa580                PROVIDE (__cy_heap_start, _end)
                0x00000001                PROVIDE (__cy_region_num, ((__cy_regions_end - __cy_regions) / 0x10))
                0x20008000                PROVIDE (__cy_stack, (ORIGIN (ram) + 0x10000))
                0x20004000                PROVIDE (__cy_heap_end, (__cy_stack - 0x4000))

.cybootloader   0x00000000        0x0
 *(.cybootloader)
                0x00000000                appl1_start = CY_APPL_ORIGIN?CY_APPL_ORIGIN:ALIGN (CY_FLASH_ROW_SIZE)
                0x0001ff00                appl2_start = (appl1_start + ALIGN ((((0x40000 - appl1_start) - (0x2 * CY_FLASH_ROW_SIZE)) / 0x2), CY_FLASH_ROW_SIZE))
                0x00000000                appl_start = (CY_APPL_NUM == 0x1)?appl1_start:appl2_start
                0x00000000                ecc_offset = ((appl_start / CY_FLASH_ROW_SIZE) * CY_ECC_ROW_SIZE)
                0x00000000                ee_offset = (CY_APPL_LOADABLE && ! (CY_EE_IN_BTLDR))?((CY_EE_SIZE / CY_APPL_MAX) * (CY_APPL_NUM - 0x1)):0x0
                0x00000800                ee_size = (CY_APPL_LOADABLE && ! (CY_EE_IN_BTLDR))?(CY_EE_SIZE / CY_APPL_MAX):CY_EE_SIZE
                0x00000000                PROVIDE (CY_ECC_OFFSET, ecc_offset)

.text           0x00000000     0x3a32
 CREATE_OBJECT_SYMBOLS
                0x00000000                PROVIDE (__cy_interrupt_vector, RomVectors)
 *(.romvectors)
 .romvectors    0x00000000       0x10 .\CortexM3\ARM_GCC_484\Debug\Cm3Start.o
                0x00000000                RomVectors
                0x00000001                ASSERT ((. != __cy_interrupt_vector), No interrupt vector)
                0x00000001                ASSERT (CY_APPL_ORIGIN?(SIZEOF (.cybootloader) <= CY_APPL_ORIGIN):0x1, Wrong image location)
                0x00000010                PROVIDE (__cy_reset, Reset)
 *(.text.Reset)
 .text.Reset    0x00000010       0x18 .\CortexM3\ARM_GCC_484\Debug\Cm3Start.o
                0x00000010                Reset
                0x00000001                ASSERT ((. != __cy_reset), No reset code)
 *(.dma_init)
                0x00000001                ASSERT ((((appl_start + .) <= 0x10000) || 0x1), DMA Init must be within the first 64k of flash)
 *(.text .text.* .gnu.linkonce.t.*)
 .text          0x00000028       0x54 c:/program files/cypress/psoc creator/3.2/psoc creator/import/gnu/arm/4.8.4/bin/../lib/gcc/arm-none-eabi/4.8.4/armv7-m/crtbegin.o
 .text.Buffer_complete
                0x0000007c       0x18 .\CortexM3\ARM_GCC_484\Debug\main.o
                0x0000007c                Buffer_complete
 .text.LPF_buffer_complete
                0x00000094       0x20 .\CortexM3\ARM_GCC_484\Debug\main.o
                0x00000094                LPF_buffer_complete
 .text.main     0x000000b4       0xdc .\CortexM3\ARM_GCC_484\Debug\main.o
                0x000000b4                main
 .text.Configure_DMA
                0x00000190      0x27c .\CortexM3\ARM_GCC_484\Debug\main.o
                0x00000190                Configure_DMA
 .text.IntDefaultHandler
                0x0000040c        0x8 .\CortexM3\ARM_GCC_484\Debug\Cm3Start.o
                0x0000040c                IntDefaultHandler
 .text.Start_c  0x00000414       0x98 .\CortexM3\ARM_GCC_484\Debug\Cm3Start.o
                0x00000414                Start_c
 .text.initialize_psoc
                0x000004ac       0x90 .\CortexM3\ARM_GCC_484\Debug\Cm3Start.o
                0x000004ac                initialize_psoc
 .text.CYMEMZERO
                0x0000053c       0x1c .\CortexM3\ARM_GCC_484\Debug\Design01.a(cyfitter_cfg.o)
 .text.CYCONFIGCPY
                0x00000558       0x1c .\CortexM3\ARM_GCC_484\Debug\Design01.a(cyfitter_cfg.o)
 .text.cfg_write_bytes32
                0x00000574       0x74 .\CortexM3\ARM_GCC_484\Debug\Design01.a(cyfitter_cfg.o)
 .text.ClockSetup
                0x000005e8      0x184 .\CortexM3\ARM_GCC_484\Debug\Design01.a(cyfitter_cfg.o)
 .text.AnalogSetDefault
                0x0000076c       0x58 .\CortexM3\ARM_GCC_484\Debug\Design01.a(cyfitter_cfg.o)
 .text.ADC_DelSig_1_AMux_Set
                0x000007c4       0x40 .\CortexM3\ARM_GCC_484\Debug\Design01.a(cyfitter_cfg.o)
                0x000007c4                ADC_DelSig_1_AMux_Set
 .text.ADC_DelSig_1_AMux_Unset
                0x00000804       0x44 .\CortexM3\ARM_GCC_484\Debug\Design01.a(cyfitter_cfg.o)
                0x00000804                ADC_DelSig_1_AMux_Unset
 .text.cyfitter_cfg
                0x00000848      0x170 .\CortexM3\ARM_GCC_484\Debug\Design01.a(cyfitter_cfg.o)
                0x00000848                cyfitter_cfg
 .text          0x000009b8       0x28 .\CortexM3\ARM_GCC_484\Debug\Design01.a(CyBootAsmGnu.o)
                0x000009b8                CyDelayCycles
                0x000009cc                CyEnterCriticalSection
                0x000009d4                CyExitCriticalSection
 .text.CyDmacConfigure
                0x000009e0       0x5c .\CortexM3\ARM_GCC_484\Debug\Design01.a(CyDmac.o)
                0x000009e0                CyDmacConfigure
 .text.CyDmaChEnable
                0x00000a3c       0x8c .\CortexM3\ARM_GCC_484\Debug\Design01.a(CyDmac.o)
                0x00000a3c                CyDmaChEnable
 .text.CyDmaChPriority
                0x00000ac8       0x5c .\CortexM3\ARM_GCC_484\Debug\Design01.a(CyDmac.o)
                0x00000ac8                CyDmaChPriority
 .text.CyDmaChSetExtendedAddress
                0x00000b24       0x7c .\CortexM3\ARM_GCC_484\Debug\Design01.a(CyDmac.o)
                0x00000b24                CyDmaChSetExtendedAddress
 .text.CyDmaChSetInitialTd
                0x00000ba0       0x3c .\CortexM3\ARM_GCC_484\Debug\Design01.a(CyDmac.o)
                0x00000ba0                CyDmaChSetInitialTd
 .text.CyDmaChSetConfiguration
                0x00000bdc       0x90 .\CortexM3\ARM_GCC_484\Debug\Design01.a(CyDmac.o)
                0x00000bdc                CyDmaChSetConfiguration
 .text.CyDmaTdAllocate
                0x00000c6c       0x5c .\CortexM3\ARM_GCC_484\Debug\Design01.a(CyDmac.o)
                0x00000c6c                CyDmaTdAllocate
 .text.CyDmaTdSetConfiguration
                0x00000cc8       0x70 .\CortexM3\ARM_GCC_484\Debug\Design01.a(CyDmac.o)
                0x00000cc8                CyDmaTdSetConfiguration
 .text.CyDmaTdSetAddress
                0x00000d38       0x5c .\CortexM3\ARM_GCC_484\Debug\Design01.a(CyDmac.o)
                0x00000d38                CyDmaTdSetAddress
 .text.CyHalt   0x00000d94       0x18 .\CortexM3\ARM_GCC_484\Debug\Design01.a(CyLib.o)
                0x00000d94                CyHalt
 .text.CyDelay  0x00000dac       0x44 .\CortexM3\ARM_GCC_484\Debug\Design01.a(CyLib.o)
                0x00000dac                CyDelay
 .text.CyDelayUs
                0x00000df0       0x24 .\CortexM3\ARM_GCC_484\Debug\Design01.a(CyLib.o)
                0x00000df0                CyDelayUs
 .text.CyIntSetVector
                0x00000e14       0x50 .\CortexM3\ARM_GCC_484\Debug\Design01.a(CyLib.o)
                0x00000e14                CyIntSetVector
 .text.CyIntSetPriority
                0x00000e64       0x44 .\CortexM3\ARM_GCC_484\Debug\Design01.a(CyLib.o)
                0x00000e64                CyIntSetPriority
 .text.LCD_Char_1_Init
                0x00000ea8       0x6c .\CortexM3\ARM_GCC_484\Debug\Design01.a(LCD_Char_1.o)
                0x00000ea8                LCD_Char_1_Init
 .text.LCD_Char_1_Enable
                0x00000f14       0x18 .\CortexM3\ARM_GCC_484\Debug\Design01.a(LCD_Char_1.o)
                0x00000f14                LCD_Char_1_Enable
 .text.LCD_Char_1_Start
                0x00000f2c       0x20 .\CortexM3\ARM_GCC_484\Debug\Design01.a(LCD_Char_1.o)
                0x00000f2c                LCD_Char_1_Start
 .text.LCD_Char_1_WriteControl
                0x00000f4c       0x34 .\CortexM3\ARM_GCC_484\Debug\Design01.a(LCD_Char_1.o)
                0x00000f4c                LCD_Char_1_WriteControl
 .text.LCD_Char_1_IsReady
                0x00000f80      0x178 .\CortexM3\ARM_GCC_484\Debug\Design01.a(LCD_Char_1.o)
                0x00000f80                LCD_Char_1_IsReady
 .text.LCD_Char_1_WrCntrlNib
                0x000010f8       0x60 .\CortexM3\ARM_GCC_484\Debug\Design01.a(LCD_Char_1.o)
 .text.ADC_DelSig_1_Init
                0x00001158      0x11c .\CortexM3\ARM_GCC_484\Debug\Design01.a(ADC_DelSig_1.o)
                0x00001158                ADC_DelSig_1_Init
 .text.ADC_DelSig_1_Enable
                0x00001274      0x158 .\CortexM3\ARM_GCC_484\Debug\Design01.a(ADC_DelSig_1.o)
                0x00001274                ADC_DelSig_1_Enable
 .text.ADC_DelSig_1_Start
                0x000013cc       0x30 .\CortexM3\ARM_GCC_484\Debug\Design01.a(ADC_DelSig_1.o)
                0x000013cc                ADC_DelSig_1_Start
 .text.ADC_DelSig_1_SetCoherency
                0x000013fc       0x38 .\CortexM3\ARM_GCC_484\Debug\Design01.a(ADC_DelSig_1.o)
                0x000013fc                ADC_DelSig_1_SetCoherency
 .text.ADC_DelSig_1_StartConvert
                0x00001434       0x20 .\CortexM3\ARM_GCC_484\Debug\Design01.a(ADC_DelSig_1.o)
                0x00001434                ADC_DelSig_1_StartConvert
 .text.ADC_DelSig_1_InitConfig
                0x00001454      0x164 .\CortexM3\ARM_GCC_484\Debug\Design01.a(ADC_DelSig_1.o)
 .text.ADC_DelSig_1_GainCompensation
                0x000015b8      0x15c .\CortexM3\ARM_GCC_484\Debug\Design01.a(ADC_DelSig_1.o)
 .text.ADC_DelSig_1_SetDSMRef0Reg
                0x00001714       0x78 .\CortexM3\ARM_GCC_484\Debug\Design01.a(ADC_DelSig_1.o)
 .text.ADC_DelSig_1_ISR1
                0x0000178c        0xc .\CortexM3\ARM_GCC_484\Debug\Design01.a(ADC_DelSig_1_INT.o)
                0x0000178c                ADC_DelSig_1_ISR1
 .text.DMA_1_DmaInitialize
                0x00001798       0x60 .\CortexM3\ARM_GCC_484\Debug\Design01.a(DMA_1_dma.o)
                0x00001798                DMA_1_DmaInitialize
 .text.ADC_DelSig_1_AMux_Start
                0x000017f8       0x30 .\CortexM3\ARM_GCC_484\Debug\Design01.a(ADC_DelSig_1_AMux.o)
                0x000017f8                ADC_DelSig_1_AMux_Start
 .text.ADC_DelSig_1_AMux_Select
                0x00001828       0x28 .\CortexM3\ARM_GCC_484\Debug\Design01.a(ADC_DelSig_1_AMux.o)
                0x00001828                ADC_DelSig_1_AMux_Select
 .text.ADC_DelSig_1_Ext_CP_Clk_SetDividerRegister
                0x00001850      0x15c .\CortexM3\ARM_GCC_484\Debug\Design01.a(ADC_DelSig_1_Ext_CP_Clk.o)
                0x00001850                ADC_DelSig_1_Ext_CP_Clk_SetDividerRegister
 .text.ADC_DelSig_1_Ext_CP_Clk_GetDividerRegister
                0x000019ac       0x18 .\CortexM3\ARM_GCC_484\Debug\Design01.a(ADC_DelSig_1_Ext_CP_Clk.o)
                0x000019ac                ADC_DelSig_1_Ext_CP_Clk_GetDividerRegister
 .text.ADC_DelSig_1_Ext_CP_Clk_SetModeRegister
                0x000019c4       0x34 .\CortexM3\ARM_GCC_484\Debug\Design01.a(ADC_DelSig_1_Ext_CP_Clk.o)
                0x000019c4                ADC_DelSig_1_Ext_CP_Clk_SetModeRegister
 .text.ADC_DelSig_1_Ext_CP_Clk_GetSourceRegister
                0x000019f8       0x20 .\CortexM3\ARM_GCC_484\Debug\Design01.a(ADC_DelSig_1_Ext_CP_Clk.o)
                0x000019f8                ADC_DelSig_1_Ext_CP_Clk_GetSourceRegister
 .text.ADC_DelSig_1_theACLK_SetDividerRegister
                0x00001a18      0x15c .\CortexM3\ARM_GCC_484\Debug\Design01.a(ADC_DelSig_1_theACLK.o)
                0x00001a18                ADC_DelSig_1_theACLK_SetDividerRegister
 .text.ADC_DelSig_1_theACLK_GetDividerRegister
                0x00001b74       0x18 .\CortexM3\ARM_GCC_484\Debug\Design01.a(ADC_DelSig_1_theACLK.o)
                0x00001b74                ADC_DelSig_1_theACLK_GetDividerRegister
 .text.ADC_DelSig_1_theACLK_SetModeRegister
                0x00001b8c       0x34 .\CortexM3\ARM_GCC_484\Debug\Design01.a(ADC_DelSig_1_theACLK.o)
                0x00001b8c                ADC_DelSig_1_theACLK_SetModeRegister
 .text.ADC_DelSig_1_theACLK_GetSourceRegister
                0x00001bc0       0x20 .\CortexM3\ARM_GCC_484\Debug\Design01.a(ADC_DelSig_1_theACLK.o)
                0x00001bc0                ADC_DelSig_1_theACLK_GetSourceRegister
 .text.DMA_2_DmaInitialize
                0x00001be0       0x60 .\CortexM3\ARM_GCC_484\Debug\Design01.a(DMA_2_dma.o)
                0x00001be0                DMA_2_DmaInitialize
 .text.isr_1_StartEx
                0x00001c40       0x24 .\CortexM3\ARM_GCC_484\Debug\Design01.a(isr_1.o)
                0x00001c40                isr_1_StartEx
 .text.isr_1_SetVector
                0x00001c64       0x24 .\CortexM3\ARM_GCC_484\Debug\Design01.a(isr_1.o)
                0x00001c64                isr_1_SetVector
 .text.isr_1_SetPriority
                0x00001c88       0x24 .\CortexM3\ARM_GCC_484\Debug\Design01.a(isr_1.o)
                0x00001c88                isr_1_SetPriority
 .text.isr_1_Enable
                0x00001cac       0x18 .\CortexM3\ARM_GCC_484\Debug\Design01.a(isr_1.o)
                0x00001cac                isr_1_Enable
 .text.isr_1_Disable
                0x00001cc4       0x18 .\CortexM3\ARM_GCC_484\Debug\Design01.a(isr_1.o)
                0x00001cc4                isr_1_Disable
 .text.isr_1_ClearPending
                0x00001cdc       0x18 .\CortexM3\ARM_GCC_484\Debug\Design01.a(isr_1.o)
                0x00001cdc                isr_1_ClearPending
 .text.isr_2_StartEx
                0x00001cf4       0x24 .\CortexM3\ARM_GCC_484\Debug\Design01.a(isr_2.o)
                0x00001cf4                isr_2_StartEx
 .text.isr_2_SetVector
                0x00001d18       0x24 .\CortexM3\ARM_GCC_484\Debug\Design01.a(isr_2.o)
                0x00001d18                isr_2_SetVector
 .text.isr_2_SetPriority
                0x00001d3c       0x24 .\CortexM3\ARM_GCC_484\Debug\Design01.a(isr_2.o)
                0x00001d3c                isr_2_SetPriority
 .text.isr_2_Enable
                0x00001d60       0x18 .\CortexM3\ARM_GCC_484\Debug\Design01.a(isr_2.o)
                0x00001d60                isr_2_Enable
 .text.isr_2_Disable
                0x00001d78       0x18 .\CortexM3\ARM_GCC_484\Debug\Design01.a(isr_2.o)
                0x00001d78                isr_2_Disable
 .text.Filter_Init
                0x00001d90      0x11c .\CortexM3\ARM_GCC_484\Debug\Design01.a(Filter.o)
                0x00001d90                Filter_Init
 .text.Filter_Enable
                0x00001eac       0x48 .\CortexM3\ARM_GCC_484\Debug\Design01.a(Filter.o)
                0x00001eac                Filter_Enable
 .text.Filter_Start
                0x00001ef4       0x20 .\CortexM3\ARM_GCC_484\Debug\Design01.a(Filter.o)
                0x00001ef4                Filter_Start
 .text.Filter_SetCoherency
                0x00001f14       0x98 .\CortexM3\ARM_GCC_484\Debug\Design01.a(Filter.o)
                0x00001f14                Filter_SetCoherency
 .text.Filter_SetDalign
                0x00001fac       0x50 .\CortexM3\ARM_GCC_484\Debug\Design01.a(Filter.o)
                0x00001fac                Filter_SetDalign
 .text.Filter_SetInterruptMode
                0x00001ffc       0x28 .\CortexM3\ARM_GCC_484\Debug\Design01.a(Filter_PVT.o)
                0x00001ffc                Filter_SetInterruptMode
 .text.Filter_SetDMAMode
                0x00002024       0x28 .\CortexM3\ARM_GCC_484\Debug\Design01.a(Filter_PVT.o)
                0x00002024                Filter_SetDMAMode
 .text.ADC2Filter_DMA_DmaInitialize
                0x0000204c       0x60 .\CortexM3\ARM_GCC_484\Debug\Design01.a(ADC2Filter_DMA_dma.o)
                0x0000204c                ADC2Filter_DMA_DmaInitialize
 .text.DMA_4_DmaInitialize
                0x000020ac       0x60 .\CortexM3\ARM_GCC_484\Debug\Design01.a(DMA_4_dma.o)
                0x000020ac                DMA_4_DmaInitialize
 .text.DMA_3_DmaInitialize
                0x0000210c       0x60 .\CortexM3\ARM_GCC_484\Debug\Design01.a(DMA_3_dma.o)
                0x0000210c                DMA_3_DmaInitialize
 .text.arm_cfft_radix4by2_q15
                0x0000216c      0x128 Z:\scottcarlson On My Mac\Code\repos\LED_controller\CMSISfile\CMSIS\Lib\GCC\libarm_cortexM3l_math.a(arm_cfft_q15.o)
                0x0000216c                arm_cfft_radix4by2_q15
 .text.arm_cfft_radix4by2_inverse_q15
                0x00002294      0x128 Z:\scottcarlson On My Mac\Code\repos\LED_controller\CMSISfile\CMSIS\Lib\GCC\libarm_cortexM3l_math.a(arm_cfft_q15.o)
                0x00002294                arm_cfft_radix4by2_inverse_q15
 .text.arm_cfft_q15
                0x000023bc       0xbc Z:\scottcarlson On My Mac\Code\repos\LED_controller\CMSISfile\CMSIS\Lib\GCC\libarm_cortexM3l_math.a(arm_cfft_q15.o)
                0x000023bc                arm_cfft_q15
 .text          0x00002478       0xc4 Z:\scottcarlson On My Mac\Code\repos\LED_controller\CMSISfile\CMSIS\Lib\GCC\libarm_cortexM3l_math.a(arm_bitreversal2.o)
                0x00002478                arm_bitreversal_32
                0x000024e4                arm_bitreversal_16
 .text.arm_radix4_butterfly_q15
                0x0000253c      0x6e4 Z:\scottcarlson On My Mac\Code\repos\LED_controller\CMSISfile\CMSIS\Lib\GCC\libarm_cortexM3l_math.a(arm_cfft_radix4_q15.o)
                0x0000253c                arm_radix4_butterfly_q15
 .text.arm_radix4_butterfly_inverse_q15
                0x00002c20      0x6f8 Z:\scottcarlson On My Mac\Code\repos\LED_controller\CMSISfile\CMSIS\Lib\GCC\libarm_cortexM3l_math.a(arm_cfft_radix4_q15.o)
                0x00002c20                arm_radix4_butterfly_inverse_q15
 .text.arm_cmplx_mag_q15
                0x00003318       0xc0 Z:\scottcarlson On My Mac\Code\repos\LED_controller\CMSISfile\CMSIS\Lib\GCC\libarm_cortexM3l_math.a(arm_cmplx_mag_q15.o)
                0x00003318                arm_cmplx_mag_q15
 .text.arm_sqrt_q15
                0x000033d8       0xe4 Z:\scottcarlson On My Mac\Code\repos\LED_controller\CMSISfile\CMSIS\Lib\GCC\libarm_cortexM3l_math.a(arm_sqrt_q15.o)
                0x000033d8                arm_sqrt_q15
 .text          0x000034bc      0x21c c:/program files/cypress/psoc creator/3.2/psoc creator/import/gnu/arm/4.8.4/bin/../lib/gcc/arm-none-eabi/4.8.4/armv7-m\libgcc.a(_arm_addsubsf3.o)
                0x000034bc                __aeabi_frsub
                0x000034c4                __subsf3
                0x000034c4                __aeabi_fsub
                0x000034c8                __aeabi_fadd
                0x000034c8                __addsf3
                0x00003628                __aeabi_ui2f
                0x00003628                __floatunsisf
                0x00003630                __aeabi_i2f
                0x00003630                __floatsisf
                0x0000364c                __aeabi_ul2f
                0x0000364c                __floatundisf
                0x0000365c                __aeabi_l2f
                0x0000365c                __floatdisf
 .text          0x000036d8      0x2a0 c:/program files/cypress/psoc creator/3.2/psoc creator/import/gnu/arm/4.8.4/bin/../lib/gcc/arm-none-eabi/4.8.4/armv7-m\libgcc.a(_arm_muldivsf3.o)
                0x000036d8                __mulsf3
                0x000036d8                __aeabi_fmul
                0x00003840                __aeabi_fdiv
                0x00003840                __divsf3
 .text          0x00003978       0x4c c:/program files/cypress/psoc creator/3.2/psoc creator/import/gnu/arm/4.8.4/bin/../lib/gcc/arm-none-eabi/4.8.4/armv7-m\libgcc.a(_arm_fixsfsi.o)
                0x00003978                __aeabi_f2iz
                0x00003978                __fixsfsi
 .text.__libc_init_array
                0x000039c4       0x4c c:/program files/cypress/psoc creator/3.2/psoc creator/import/gnu/arm/4.8.4/bin/../lib/gcc/arm-none-eabi/4.8.4/../../../../arm-none-eabi/lib/armv7-m\libg_s.a(lib_a-init.o)
                0x000039c4                __libc_init_array
 .text.memcpy   0x00003a10       0x12 c:/program files/cypress/psoc creator/3.2/psoc creator/import/gnu/arm/4.8.4/bin/../lib/gcc/arm-none-eabi/4.8.4/../../../../arm-none-eabi/lib/armv7-m\libg_s.a(lib_a-memcpy-stub.o)
                0x00003a10                memcpy
 .text.memset   0x00003a22       0x10 c:/program files/cypress/psoc creator/3.2/psoc creator/import/gnu/arm/4.8.4/bin/../lib/gcc/arm-none-eabi/4.8.4/../../../../arm-none-eabi/lib/armv7-m\libg_s.a(lib_a-memset.o)
                0x00003a22                memset
 *(.plt)
 *(.gnu.warning)
 *(.glue_7t)
 .glue_7t       0x00000000        0x0 linker stubs
 *(.glue_7)
 .glue_7        0x00000000        0x0 linker stubs
 *(.vfp11_veneer)
 .vfp11_veneer  0x00000000        0x0 linker stubs
 *(.bootloader)
 *(.ARM.extab* .gnu.linkonce.armextab.*)
 *(.gcc_except_table)

.v4_bx          0x00003a34        0x0
 .v4_bx         0x00000000        0x0 linker stubs

.iplt           0x00003a34        0x0
 .iplt          0x00000000        0x0 c:/program files/cypress/psoc creator/3.2/psoc creator/import/gnu/arm/4.8.4/bin/../lib/gcc/arm-none-eabi/4.8.4/armv7-m/crtbegin.o

.eh_frame_hdr
 *(.eh_frame_hdr)

.eh_frame       0x00003a34        0x4
 *(.eh_frame)
 .eh_frame      0x00003a34        0x0 c:/program files/cypress/psoc creator/3.2/psoc creator/import/gnu/arm/4.8.4/bin/../lib/gcc/arm-none-eabi/4.8.4/armv7-m/crtbegin.o
 .eh_frame      0x00003a34        0x4 c:/program files/cypress/psoc creator/3.2/psoc creator/import/gnu/arm/4.8.4/bin/../lib/gcc/arm-none-eabi/4.8.4/armv7-m/crtend.o
                0x00003a38                PROVIDE (__exidx_start, .)

.ARM.exidx
 *(.ARM.exidx* .gnu.linkonce.armexidx.*)
                0x00003a38                __exidx_end = .

.rodata         0x00003a38      0xba8
 *(.rodata .rodata.* .gnu.linkonce.r.*)
 .rodata        0x00003a38       0x44 .\CortexM3\ARM_GCC_484\Debug\Design01.a(cyfitter_cfg.o)
                0x00003a38                ADC_DelSig_1_AMux__addrTable
                0x00003a40                ADC_DelSig_1_AMux__maskTable
 .rodata        0x00003a7c      0x640 .\CortexM3\ARM_GCC_484\Debug\Design01.a(Filter_RAM_Data.o)
                0x00003a7c                Filter_control
                0x00003b7c                Filter_data_a
                0x00003d7c                Filter_data_b
                0x00003f7c                Filter_acu
                0x00003fbc                Filter_cfsm
 .rodata.arm_cfft_sR_q15_len256
                0x000040bc       0x10 Z:\scottcarlson On My Mac\Code\repos\LED_controller\CMSISfile\CMSIS\Lib\GCC\libarm_cortexM3l_math.a(arm_const_structs.o)
                0x000040bc                arm_cfft_sR_q15_len256
 .rodata.twiddleCoef_256_q15
                0x000040cc      0x300 Z:\scottcarlson On My Mac\Code\repos\LED_controller\CMSISfile\CMSIS\Lib\GCC\libarm_cortexM3l_math.a(arm_common_tables.o)
                0x000040cc                twiddleCoef_256_q15
 .rodata.armBitRevIndexTable_fixed_256
                0x000043cc      0x1e0 Z:\scottcarlson On My Mac\Code\repos\LED_controller\CMSISfile\CMSIS\Lib\GCC\libarm_cortexM3l_math.a(arm_common_tables.o)
                0x000043cc                armBitRevIndexTable_fixed_256
                0x000045ac                . = ALIGN (0x4)
 *(.init)
 .init          0x000045ac        0x4 c:/program files/cypress/psoc creator/3.2/psoc creator/import/gnu/arm/4.8.4/bin/../lib/gcc/arm-none-eabi/4.8.4/armv7-m/crti.o
                0x000045ac                _init
 .init          0x000045b0        0x8 c:/program files/cypress/psoc creator/3.2/psoc creator/import/gnu/arm/4.8.4/bin/../lib/gcc/arm-none-eabi/4.8.4/armv7-m/crtn.o
                0x000045b8                . = ALIGN (0x4)
                0x000045b8                __preinit_array_start = .
 *(.preinit_array)
                0x000045b8                __preinit_array_end = .
                0x000045b8                . = ALIGN (0x4)
                0x000045b8                __init_array_start = .
 *(SORT(.init_array.*))
 *(.init_array)
 .init_array    0x000045b8        0x4 c:/program files/cypress/psoc creator/3.2/psoc creator/import/gnu/arm/4.8.4/bin/../lib/gcc/arm-none-eabi/4.8.4/armv7-m/crtbegin.o
 .init_array    0x000045bc        0x4 .\CortexM3\ARM_GCC_484\Debug\Cm3Start.o
                0x000045c0                __init_array_end = .
                0x000045c0                . = ALIGN (0x4)
 *(.fini)
 .fini          0x000045c0        0x4 c:/program files/cypress/psoc creator/3.2/psoc creator/import/gnu/arm/4.8.4/bin/../lib/gcc/arm-none-eabi/4.8.4/armv7-m/crti.o
                0x000045c0                _fini
 .fini          0x000045c4        0x8 c:/program files/cypress/psoc creator/3.2/psoc creator/import/gnu/arm/4.8.4/bin/../lib/gcc/arm-none-eabi/4.8.4/armv7-m/crtn.o
                0x000045cc                . = ALIGN (0x4)
                0x000045cc                __fini_array_start = .
 *(.fini_array)
 .fini_array    0x000045cc        0x4 c:/program files/cypress/psoc creator/3.2/psoc creator/import/gnu/arm/4.8.4/bin/../lib/gcc/arm-none-eabi/4.8.4/armv7-m/crtbegin.o
 *(SORT(.fini_array.*))
                0x000045d0                __fini_array_end = .
                0x000045d0                . = ALIGN (0x4)
 *crtbegin.o(.ctors)
 *(EXCLUDE_FILE(*crtend.o) .ctors)
 *(SORT(.ctors.*))
 *crtend.o(.ctors)
                0x000045d0                . = ALIGN (0x4)
 *crtbegin.o(.dtors)
 *(EXCLUDE_FILE(*crtend.o) .dtors)
 *(SORT(.dtors.*))
 *crtend.o(.dtors)
                0x000045d0                . = ALIGN (0x4)
                0x000045d0                __cy_regions = .
                0x000045d0        0x4 LONG 0x45e0 __cy_region_init_ram
                0x000045d4        0x4 LONG 0x1fff8108 __cy_region_start_data
                0x000045d8        0x4 LONG 0x28 __cy_region_init_size_ram
                0x000045dc        0x4 LONG 0x2450 __cy_region_zero_size_ram
                0x000045e0                __cy_regions_end = .
                0x000045e0                . = ALIGN (0x8)
                0x000045e0                _etext = .

.ramvectors     0x1fff8000      0x100
                0x1fff8000                __cy_region_start_ram = .
 *(.ramvectors)
 .ramvectors    0x1fff8000      0x100 .\CortexM3\ARM_GCC_484\Debug\Cm3Start.o
                0x1fff8000                CyRamVectors

.noinit         0x1fff8100        0x5
 *(.noinit)
 .noinit        0x1fff8100        0x4 .\CortexM3\ARM_GCC_484\Debug\Cm3Start.o
 .noinit        0x1fff8104        0x1 .\CortexM3\ARM_GCC_484\Debug\Design01.a(CyLib.o)
                0x1fff8104                CyResetStatus

.data           0x1fff8108       0x28 load address 0x000045e0
                0x1fff8108                __cy_region_start_data = .
 *(.jcr)
 .jcr           0x1fff8108        0x0 c:/program files/cypress/psoc creator/3.2/psoc creator/import/gnu/arm/4.8.4/bin/../lib/gcc/arm-none-eabi/4.8.4/armv7-m/crtbegin.o
 .jcr           0x1fff8108        0x4 c:/program files/cypress/psoc creator/3.2/psoc creator/import/gnu/arm/4.8.4/bin/../lib/gcc/arm-none-eabi/4.8.4/armv7-m/crtend.o
 *(.got.plt)
 *(.got)
 *(.shdata)
 *(.data .data.* .gnu.linkonce.d.*)
 .data          0x1fff810c        0x4 .\CortexM3\ARM_GCC_484\Debug\main.o
 .data          0x1fff8110        0x8 .\CortexM3\ARM_GCC_484\Debug\Design01.a(CyDmac.o)
 .data          0x1fff8118       0x10 .\CortexM3\ARM_GCC_484\Debug\Design01.a(CyLib.o)
                0x1fff8118                cydelay_freq_hz
                0x1fff811c                cydelay_freq_khz
                0x1fff8120                cydelay_freq_mhz
                0x1fff8124                cydelay_32k_ms
 .data          0x1fff8128        0x1 .\CortexM3\ARM_GCC_484\Debug\Design01.a(ADC_DelSig_1.o)
                0x1fff8128                ADC_DelSig_1_Config
 .data          0x1fff8129        0x1 .\CortexM3\ARM_GCC_484\Debug\Design01.a(DMA_1_dma.o)
                0x1fff8129                DMA_1_DmaHandle
 .data          0x1fff812a        0x1 .\CortexM3\ARM_GCC_484\Debug\Design01.a(ADC_DelSig_1_AMux.o)
 .data          0x1fff812b        0x1 .\CortexM3\ARM_GCC_484\Debug\Design01.a(DMA_2_dma.o)
                0x1fff812b                DMA_2_DmaHandle
 .data          0x1fff812c        0x1 .\CortexM3\ARM_GCC_484\Debug\Design01.a(ADC2Filter_DMA_dma.o)
                0x1fff812c                ADC2Filter_DMA_DmaHandle
 .data          0x1fff812d        0x1 .\CortexM3\ARM_GCC_484\Debug\Design01.a(DMA_4_dma.o)
                0x1fff812d                DMA_4_DmaHandle
 .data          0x1fff812e        0x1 .\CortexM3\ARM_GCC_484\Debug\Design01.a(DMA_3_dma.o)
                0x1fff812e                DMA_3_DmaHandle
                0x1fff8130                . = ALIGN (0x8)
 *fill*         0x1fff812f        0x1 
 *(.ram)
                0x1fff8130                _edata = .

.igot.plt       0x1fff8130        0x0 load address 0x00004608
 .igot.plt      0x00000000        0x0 c:/program files/cypress/psoc creator/3.2/psoc creator/import/gnu/arm/4.8.4/bin/../lib/gcc/arm-none-eabi/4.8.4/armv7-m/crtbegin.o

.bss            0x1fff8130     0x2450 load address 0x00004608
                0x1fff8130                PROVIDE (__bss_start__, .)
 *(.shbss)
 *(.bss .bss.* .gnu.linkonce.b.*)
 .bss           0x1fff8130       0x1c c:/program files/cypress/psoc creator/3.2/psoc creator/import/gnu/arm/4.8.4/bin/../lib/gcc/arm-none-eabi/4.8.4/armv7-m/crtbegin.o
 .bss           0x1fff814c        0x2 .\CortexM3\ARM_GCC_484\Debug\main.o
 .bss           0x1fff814e        0x2 .\CortexM3\ARM_GCC_484\Debug\Design01.a(LCD_Char_1.o)
                0x1fff814e                LCD_Char_1_enableState
                0x1fff814f                LCD_Char_1_initVar
 .bss           0x1fff8150        0x8 .\CortexM3\ARM_GCC_484\Debug\Design01.a(ADC_DelSig_1.o)
                0x1fff8150                ADC_DelSig_1_convDone
                0x1fff8151                ADC_DelSig_1_stopConversion
                0x1fff8152                ADC_DelSig_1_initVar
                0x1fff8153                ADC_DelSig_1_started
 .bss           0x1fff8158        0x1 .\CortexM3\ARM_GCC_484\Debug\Design01.a(Filter.o)
                0x1fff8158                Filter_initVar
 *(COMMON)
 *fill*         0x1fff8159        0x3 
 COMMON         0x1fff815c     0x2419 .\CortexM3\ARM_GCC_484\Debug\main.o
                0x1fff815c                DMA_1_TD
                0x1fff8160                LPF_buffer
                0x1fff8960                DMA_3_Chan
                0x1fff8964                ADC2Filter_DMA_TD
                0x1fff8966                ADC2Filter_DMA_Chan
                0x1fff8968                DMA_2_TD
                0x1fff896c                DMA_3_TD
                0x1fff896d                DMA_2_Chan
                0x1fff896e                DMA_4_Chan
                0x1fff8970                magoutput
                0x1fff8d70                DMA_1_Chan
                0x1fff8d74                LPF_samples
                0x1fff9574                ADC_samples
                0x1fff9d74                Buffer_samples
                0x1fffa574                DMA_4_TD
 *fill*         0x1fffa575        0x3 
 COMMON         0x1fffa578        0x8 .\CortexM3\ARM_GCC_484\Debug\Design01.a(ADC_DelSig_1.o)
                0x1fffa578                ADC_DelSig_1_CountsPerVolt
                0x1fffa57c                ADC_DelSig_1_Offset
                0x1fffa580                . = ALIGN (0x8)
 *(.ram.b)
                0x1fffa580                _end = .
                0x1fffa580                __end = .
                0x1fffa580                PROVIDE (end, .)
                0x1fffa580                PROVIDE (__bss_end__, .)
                0x000045e0                __cy_region_init_ram = LOADADDR (.data)
                0x00000028                __cy_region_init_size_ram = (_edata - ADDR (.data))
                0x00002450                __cy_region_zero_size_ram = (_end - _edata)

.heap           0x1fffa580     0x1000 load address 0x00004608
                0x1fffa580                . = _end
                0x1fffb580                . = (. + 0x1000)
 *fill*         0x1fffa580     0x1000 
                0x1fffb580                __cy_heap_limit = .

.stack          0x20004000     0x4000
                0x20004000                __cy_stack_limit = .
                0x20008000                . = (. + 0x4000)
 *fill*         0x20004000     0x4000 
                0x00000001                ASSERT ((__cy_stack_limit >= __cy_heap_limit), region RAM overflowed with stack)

.cyloadermeta
 *(.cyloadermeta)

.cyloadablemeta
 *(.cyloadablemeta)

.cyconfigecc    0x80000000      0x11c
 *(.cyconfigecc)
 .cyconfigecc   0x80000000      0x11c .\CortexM3\ARM_GCC_484\Debug\cymetadata.o
                0x80000000                cy_meta_configecc

.cycustnvl      0x90000000        0x4
 *(.cycustnvl)
 .cycustnvl     0x90000000        0x4 .\CortexM3\ARM_GCC_484\Debug\cymetadata.o
                0x90000000                cy_meta_custnvl

.cywolatch      0x90100000        0x4
 *(.cywolatch)
 .cywolatch     0x90100000        0x4 .\CortexM3\ARM_GCC_484\Debug\cymetadata.o
                0x90100000                cy_meta_wonvl

.cyeeprom       0x90200000        0x0
 *(.cyeeprom)
                0x00000001                ASSERT ((. <= ((0x90200000 + ee_offset) + ee_size)), .cyeeprom data will not fit in EEPROM)

.cyflashprotect
                0x90400000      0x100
 *(.cyflashprotect)
 .cyflashprotect
                0x90400000      0x100 .\CortexM3\ARM_GCC_484\Debug\cymetadata.o
                0x90400000                cy_meta_flashprotect

.cymeta         0x90500000        0xc
 *(.cymeta)
 .cymeta        0x90500000        0xc .\CortexM3\ARM_GCC_484\Debug\cymetadata.o
                0x90500000                cy_metadata

.rel.dyn        0x00004608        0x0 load address 0x9050000c
 .rel.iplt      0x00000000        0x0 c:/program files/cypress/psoc creator/3.2/psoc creator/import/gnu/arm/4.8.4/bin/../lib/gcc/arm-none-eabi/4.8.4/armv7-m/crtbegin.o

.stab
 *(.stab)

.stabstr
 *(.stabstr)

.debug
 *(.debug)

.line
 *(.line)

.debug_srcinfo
 *(.debug_srcinfo)

.debug_sfnames
 *(.debug_sfnames)

.debug_aranges  0x00000000      0xd20
 *(.debug_aranges)
 .debug_aranges
                0x00000000       0x38 .\CortexM3\ARM_GCC_484\Debug\main.o
 .debug_aranges
                0x00000038       0x90 .\CortexM3\ARM_GCC_484\Debug\math_helper.o
 .debug_aranges
                0x000000c8       0x18 .\CortexM3\ARM_GCC_484\Debug\cymetadata.o
 .debug_aranges
                0x000000e0       0x48 .\CortexM3\ARM_GCC_484\Debug\Cm3Start.o
 .debug_aranges
                0x00000128       0x68 .\CortexM3\ARM_GCC_484\Debug\Design01.a(cyfitter_cfg.o)
 .debug_aranges
                0x00000190       0x20 .\CortexM3\ARM_GCC_484\Debug\Design01.a(CyBootAsmGnu.o)
 .debug_aranges
                0x000001b0       0xd8 .\CortexM3\ARM_GCC_484\Debug\Design01.a(CyDmac.o)
 .debug_aranges
                0x00000288      0x290 .\CortexM3\ARM_GCC_484\Debug\Design01.a(CyLib.o)
 .debug_aranges
                0x00000518       0x90 .\CortexM3\ARM_GCC_484\Debug\Design01.a(cyPm.o)
 .debug_aranges
                0x000005a8       0x98 .\CortexM3\ARM_GCC_484\Debug\Design01.a(LCD_Char_1.o)
 .debug_aranges
                0x00000640       0xe8 .\CortexM3\ARM_GCC_484\Debug\Design01.a(ADC_DelSig_1.o)
 .debug_aranges
                0x00000728       0x38 .\CortexM3\ARM_GCC_484\Debug\Design01.a(ADC_DelSig_1_INT.o)
 .debug_aranges
                0x00000760       0x28 .\CortexM3\ARM_GCC_484\Debug\Design01.a(DMA_1_dma.o)
 .debug_aranges
                0x00000788       0x30 .\CortexM3\ARM_GCC_484\Debug\Design01.a(ADC_DelSig_1_AMux.o)
 .debug_aranges
                0x000007b8       0x70 .\CortexM3\ARM_GCC_484\Debug\Design01.a(ADC_DelSig_1_Ext_CP_Clk.o)
 .debug_aranges
                0x00000828       0x80 .\CortexM3\ARM_GCC_484\Debug\Design01.a(ADC_DelSig_1_theACLK.o)
 .debug_aranges
                0x000008a8       0x28 .\CortexM3\ARM_GCC_484\Debug\Design01.a(DMA_2_dma.o)
 .debug_aranges
                0x000008d0       0x80 .\CortexM3\ARM_GCC_484\Debug\Design01.a(isr_1.o)
 .debug_aranges
                0x00000950       0x80 .\CortexM3\ARM_GCC_484\Debug\Design01.a(isr_2.o)
 .debug_aranges
                0x000009d0       0x80 .\CortexM3\ARM_GCC_484\Debug\Design01.a(Filter.o)
 .debug_aranges
                0x00000a50       0x28 .\CortexM3\ARM_GCC_484\Debug\Design01.a(Filter_PVT.o)
 .debug_aranges
                0x00000a78       0x18 .\CortexM3\ARM_GCC_484\Debug\Design01.a(Filter_RAM_Data.o)
 .debug_aranges
                0x00000a90       0x28 .\CortexM3\ARM_GCC_484\Debug\Design01.a(ADC2Filter_DMA_dma.o)
 .debug_aranges
                0x00000ab8       0x28 .\CortexM3\ARM_GCC_484\Debug\Design01.a(DMA_4_dma.o)
 .debug_aranges
                0x00000ae0       0x28 .\CortexM3\ARM_GCC_484\Debug\Design01.a(DMA_3_dma.o)
 .debug_aranges
                0x00000b08       0x80 .\CortexM3\ARM_GCC_484\Debug\Design01.a(CyFlash.o)
 .debug_aranges
                0x00000b88       0x78 .\CortexM3\ARM_GCC_484\Debug\Design01.a(CySpc.o)
 .debug_aranges
                0x00000c00       0x18 Z:\scottcarlson On My Mac\Code\repos\LED_controller\CMSISfile\CMSIS\Lib\GCC\libarm_cortexM3l_math.a(arm_const_structs.o)
 .debug_aranges
                0x00000c18       0x18 Z:\scottcarlson On My Mac\Code\repos\LED_controller\CMSISfile\CMSIS\Lib\GCC\libarm_cortexM3l_math.a(arm_common_tables.o)
 .debug_aranges
                0x00000c30       0x30 Z:\scottcarlson On My Mac\Code\repos\LED_controller\CMSISfile\CMSIS\Lib\GCC\libarm_cortexM3l_math.a(arm_cfft_q15.o)
 .debug_aranges
                0x00000c60       0x20 Z:\scottcarlson On My Mac\Code\repos\LED_controller\CMSISfile\CMSIS\Lib\GCC\libarm_cortexM3l_math.a(arm_bitreversal2.o)
 .debug_aranges
                0x00000c80       0x30 Z:\scottcarlson On My Mac\Code\repos\LED_controller\CMSISfile\CMSIS\Lib\GCC\libarm_cortexM3l_math.a(arm_cfft_radix4_q15.o)
 .debug_aranges
                0x00000cb0       0x20 Z:\scottcarlson On My Mac\Code\repos\LED_controller\CMSISfile\CMSIS\Lib\GCC\libarm_cortexM3l_math.a(arm_cmplx_mag_q15.o)
 .debug_aranges
                0x00000cd0       0x20 Z:\scottcarlson On My Mac\Code\repos\LED_controller\CMSISfile\CMSIS\Lib\GCC\libarm_cortexM3l_math.a(arm_sqrt_q15.o)
 .debug_aranges
                0x00000cf0       0x30 Z:\scottcarlson On My Mac\Code\repos\LED_controller\CMSISfile\CMSIS\Lib\GCC\libarm_cortexM3l_math.a(arm_bitreversal.o)

.debug_pubnames
 *(.debug_pubnames)

.debug_info     0x00000000     0xa03e
 *(.debug_info .gnu.linkonce.wi.*)
 .debug_info    0x00000000      0x353 .\CortexM3\ARM_GCC_484\Debug\main.o
 .debug_info    0x00000353      0x667 .\CortexM3\ARM_GCC_484\Debug\math_helper.o
 .debug_info    0x000009ba      0x13a .\CortexM3\ARM_GCC_484\Debug\cymetadata.o
 .debug_info    0x00000af4      0x323 .\CortexM3\ARM_GCC_484\Debug\Cm3Start.o
 .debug_info    0x00000e17      0x410 .\CortexM3\ARM_GCC_484\Debug\Design01.a(cyfitter_cfg.o)
 .debug_info    0x00001227       0xad .\CortexM3\ARM_GCC_484\Debug\Design01.a(CyBootAsmGnu.o)
 .debug_info    0x000012d4      0x8b1 .\CortexM3\ARM_GCC_484\Debug\Design01.a(CyDmac.o)
 .debug_info    0x00001b85      0xd85 .\CortexM3\ARM_GCC_484\Debug\Design01.a(CyLib.o)
 .debug_info    0x0000290a      0x536 .\CortexM3\ARM_GCC_484\Debug\Design01.a(cyPm.o)
 .debug_info    0x00002e40      0x3c4 .\CortexM3\ARM_GCC_484\Debug\Design01.a(LCD_Char_1.o)
 .debug_info    0x00003204      0x71e .\CortexM3\ARM_GCC_484\Debug\Design01.a(ADC_DelSig_1.o)
 .debug_info    0x00003922       0xcc .\CortexM3\ARM_GCC_484\Debug\Design01.a(ADC_DelSig_1_INT.o)
 .debug_info    0x000039ee      0x112 .\CortexM3\ARM_GCC_484\Debug\Design01.a(DMA_1_dma.o)
 .debug_info    0x00003b00      0x109 .\CortexM3\ARM_GCC_484\Debug\Design01.a(ADC_DelSig_1_AMux.o)
 .debug_info    0x00003c09      0x25b .\CortexM3\ARM_GCC_484\Debug\Design01.a(ADC_DelSig_1_Ext_CP_Clk.o)
 .debug_info    0x00003e64      0x297 .\CortexM3\ARM_GCC_484\Debug\Design01.a(ADC_DelSig_1_theACLK.o)
 .debug_info    0x000040fb      0x112 .\CortexM3\ARM_GCC_484\Debug\Design01.a(DMA_2_dma.o)
 .debug_info    0x0000420d      0x236 .\CortexM3\ARM_GCC_484\Debug\Design01.a(isr_1.o)
 .debug_info    0x00004443      0x236 .\CortexM3\ARM_GCC_484\Debug\Design01.a(isr_2.o)
 .debug_info    0x00004679      0x3a7 .\CortexM3\ARM_GCC_484\Debug\Design01.a(Filter.o)
 .debug_info    0x00004a20       0xe8 .\CortexM3\ARM_GCC_484\Debug\Design01.a(Filter_PVT.o)
 .debug_info    0x00004b08      0x12a .\CortexM3\ARM_GCC_484\Debug\Design01.a(Filter_RAM_Data.o)
 .debug_info    0x00004c32      0x112 .\CortexM3\ARM_GCC_484\Debug\Design01.a(ADC2Filter_DMA_dma.o)
 .debug_info    0x00004d44      0x112 .\CortexM3\ARM_GCC_484\Debug\Design01.a(DMA_4_dma.o)
 .debug_info    0x00004e56      0x112 .\CortexM3\ARM_GCC_484\Debug\Design01.a(DMA_3_dma.o)
 .debug_info    0x00004f68      0x36a .\CortexM3\ARM_GCC_484\Debug\Design01.a(CyFlash.o)
 .debug_info    0x000052d2      0x456 .\CortexM3\ARM_GCC_484\Debug\Design01.a(CySpc.o)
 .debug_info    0x00005728      0x9f5 Z:\scottcarlson On My Mac\Code\repos\LED_controller\CMSISfile\CMSIS\Lib\GCC\libarm_cortexM3l_math.a(arm_const_structs.o)
 .debug_info    0x0000611d      0x99d Z:\scottcarlson On My Mac\Code\repos\LED_controller\CMSISfile\CMSIS\Lib\GCC\libarm_cortexM3l_math.a(arm_common_tables.o)
 .debug_info    0x00006aba      0xa43 Z:\scottcarlson On My Mac\Code\repos\LED_controller\CMSISfile\CMSIS\Lib\GCC\libarm_cortexM3l_math.a(arm_cfft_q15.o)
 .debug_info    0x000074fd       0x85 Z:\scottcarlson On My Mac\Code\repos\LED_controller\CMSISfile\CMSIS\Lib\GCC\libarm_cortexM3l_math.a(arm_bitreversal2.o)
 .debug_info    0x00007582     0x21dd Z:\scottcarlson On My Mac\Code\repos\LED_controller\CMSISfile\CMSIS\Lib\GCC\libarm_cortexM3l_math.a(arm_cfft_radix4_q15.o)
 .debug_info    0x0000975f      0x369 Z:\scottcarlson On My Mac\Code\repos\LED_controller\CMSISfile\CMSIS\Lib\GCC\libarm_cortexM3l_math.a(arm_cmplx_mag_q15.o)
 .debug_info    0x00009ac8      0x27b Z:\scottcarlson On My Mac\Code\repos\LED_controller\CMSISfile\CMSIS\Lib\GCC\libarm_cortexM3l_math.a(arm_sqrt_q15.o)
 .debug_info    0x00009d43      0x2fb Z:\scottcarlson On My Mac\Code\repos\LED_controller\CMSISfile\CMSIS\Lib\GCC\libarm_cortexM3l_math.a(arm_bitreversal.o)

.debug_abbrev   0x00000000     0x2484
 *(.debug_abbrev)
 .debug_abbrev  0x00000000      0x11a .\CortexM3\ARM_GCC_484\Debug\main.o
 .debug_abbrev  0x0000011a      0x170 .\CortexM3\ARM_GCC_484\Debug\math_helper.o
 .debug_abbrev  0x0000028a       0x66 .\CortexM3\ARM_GCC_484\Debug\cymetadata.o
 .debug_abbrev  0x000002f0      0x1c5 .\CortexM3\ARM_GCC_484\Debug\Cm3Start.o
 .debug_abbrev  0x000004b5      0x1b0 .\CortexM3\ARM_GCC_484\Debug\Design01.a(cyfitter_cfg.o)
 .debug_abbrev  0x00000665       0x14 .\CortexM3\ARM_GCC_484\Debug\Design01.a(CyBootAsmGnu.o)
 .debug_abbrev  0x00000679      0x194 .\CortexM3\ARM_GCC_484\Debug\Design01.a(CyDmac.o)
 .debug_abbrev  0x0000080d      0x217 .\CortexM3\ARM_GCC_484\Debug\Design01.a(CyLib.o)
 .debug_abbrev  0x00000a24      0x16e .\CortexM3\ARM_GCC_484\Debug\Design01.a(cyPm.o)
 .debug_abbrev  0x00000b92      0x12d .\CortexM3\ARM_GCC_484\Debug\Design01.a(LCD_Char_1.o)
 .debug_abbrev  0x00000cbf      0x19d .\CortexM3\ARM_GCC_484\Debug\Design01.a(ADC_DelSig_1.o)
 .debug_abbrev  0x00000e5c       0x42 .\CortexM3\ARM_GCC_484\Debug\Design01.a(ADC_DelSig_1_INT.o)
 .debug_abbrev  0x00000e9e       0x8b .\CortexM3\ARM_GCC_484\Debug\Design01.a(DMA_1_dma.o)
 .debug_abbrev  0x00000f29       0x6f .\CortexM3\ARM_GCC_484\Debug\Design01.a(ADC_DelSig_1_AMux.o)
 .debug_abbrev  0x00000f98      0x12a .\CortexM3\ARM_GCC_484\Debug\Design01.a(ADC_DelSig_1_Ext_CP_Clk.o)
 .debug_abbrev  0x000010c2      0x12a .\CortexM3\ARM_GCC_484\Debug\Design01.a(ADC_DelSig_1_theACLK.o)
 .debug_abbrev  0x000011ec       0x8b .\CortexM3\ARM_GCC_484\Debug\Design01.a(DMA_2_dma.o)
 .debug_abbrev  0x00001277      0x156 .\CortexM3\ARM_GCC_484\Debug\Design01.a(isr_1.o)
 .debug_abbrev  0x000013cd      0x156 .\CortexM3\ARM_GCC_484\Debug\Design01.a(isr_2.o)
 .debug_abbrev  0x00001523      0x16b .\CortexM3\ARM_GCC_484\Debug\Design01.a(Filter.o)
 .debug_abbrev  0x0000168e       0x8c .\CortexM3\ARM_GCC_484\Debug\Design01.a(Filter_PVT.o)
 .debug_abbrev  0x0000171a       0x66 .\CortexM3\ARM_GCC_484\Debug\Design01.a(Filter_RAM_Data.o)
 .debug_abbrev  0x00001780       0x8b .\CortexM3\ARM_GCC_484\Debug\Design01.a(ADC2Filter_DMA_dma.o)
 .debug_abbrev  0x0000180b       0x8b .\CortexM3\ARM_GCC_484\Debug\Design01.a(DMA_4_dma.o)
 .debug_abbrev  0x00001896       0x8b .\CortexM3\ARM_GCC_484\Debug\Design01.a(DMA_3_dma.o)
 .debug_abbrev  0x00001921      0x12d .\CortexM3\ARM_GCC_484\Debug\Design01.a(CyFlash.o)
 .debug_abbrev  0x00001a4e      0x179 .\CortexM3\ARM_GCC_484\Debug\Design01.a(CySpc.o)
 .debug_abbrev  0x00001bc7       0xa9 Z:\scottcarlson On My Mac\Code\repos\LED_controller\CMSISfile\CMSIS\Lib\GCC\libarm_cortexM3l_math.a(arm_const_structs.o)
 .debug_abbrev  0x00001c70       0x84 Z:\scottcarlson On My Mac\Code\repos\LED_controller\CMSISfile\CMSIS\Lib\GCC\libarm_cortexM3l_math.a(arm_common_tables.o)
 .debug_abbrev  0x00001cf4      0x214 Z:\scottcarlson On My Mac\Code\repos\LED_controller\CMSISfile\CMSIS\Lib\GCC\libarm_cortexM3l_math.a(arm_cfft_q15.o)
 .debug_abbrev  0x00001f08       0x14 Z:\scottcarlson On My Mac\Code\repos\LED_controller\CMSISfile\CMSIS\Lib\GCC\libarm_cortexM3l_math.a(arm_bitreversal2.o)
 .debug_abbrev  0x00001f1c      0x23d Z:\scottcarlson On My Mac\Code\repos\LED_controller\CMSISfile\CMSIS\Lib\GCC\libarm_cortexM3l_math.a(arm_cfft_radix4_q15.o)
 .debug_abbrev  0x00002159      0x142 Z:\scottcarlson On My Mac\Code\repos\LED_controller\CMSISfile\CMSIS\Lib\GCC\libarm_cortexM3l_math.a(arm_cmplx_mag_q15.o)
 .debug_abbrev  0x0000229b      0x11d Z:\scottcarlson On My Mac\Code\repos\LED_controller\CMSISfile\CMSIS\Lib\GCC\libarm_cortexM3l_math.a(arm_sqrt_q15.o)
 .debug_abbrev  0x000023b8       0xcc Z:\scottcarlson On My Mac\Code\repos\LED_controller\CMSISfile\CMSIS\Lib\GCC\libarm_cortexM3l_math.a(arm_bitreversal.o)

.debug_line     0x00000000     0x4c45
 *(.debug_line)
 .debug_line    0x00000000      0x239 .\CortexM3\ARM_GCC_484\Debug\main.o
 .debug_line    0x00000239      0x40e .\CortexM3\ARM_GCC_484\Debug\math_helper.o
 .debug_line    0x00000647       0x53 .\CortexM3\ARM_GCC_484\Debug\cymetadata.o
 .debug_line    0x0000069a      0x1c6 .\CortexM3\ARM_GCC_484\Debug\Cm3Start.o
 .debug_line    0x00000860      0x213 .\CortexM3\ARM_GCC_484\Debug\Design01.a(cyfitter_cfg.o)
 .debug_line    0x00000a73       0x68 .\CortexM3\ARM_GCC_484\Debug\Design01.a(CyBootAsmGnu.o)
 .debug_line    0x00000adb      0x2af .\CortexM3\ARM_GCC_484\Debug\Design01.a(CyDmac.o)
 .debug_line    0x00000d8a      0x839 .\CortexM3\ARM_GCC_484\Debug\Design01.a(CyLib.o)
 .debug_line    0x000015c3      0x366 .\CortexM3\ARM_GCC_484\Debug\Design01.a(cyPm.o)
 .debug_line    0x00001929      0x1f6 .\CortexM3\ARM_GCC_484\Debug\Design01.a(LCD_Char_1.o)
 .debug_line    0x00001b1f      0x36e .\CortexM3\ARM_GCC_484\Debug\Design01.a(ADC_DelSig_1.o)
 .debug_line    0x00001e8d       0x97 .\CortexM3\ARM_GCC_484\Debug\Design01.a(ADC_DelSig_1_INT.o)
 .debug_line    0x00001f24       0x91 .\CortexM3\ARM_GCC_484\Debug\Design01.a(DMA_1_dma.o)
 .debug_line    0x00001fb5       0xa8 .\CortexM3\ARM_GCC_484\Debug\Design01.a(ADC_DelSig_1_AMux.o)
 .debug_line    0x0000205d      0x1c6 .\CortexM3\ARM_GCC_484\Debug\Design01.a(ADC_DelSig_1_Ext_CP_Clk.o)
 .debug_line    0x00002223      0x1e7 .\CortexM3\ARM_GCC_484\Debug\Design01.a(ADC_DelSig_1_theACLK.o)
 .debug_line    0x0000240a       0x91 .\CortexM3\ARM_GCC_484\Debug\Design01.a(DMA_2_dma.o)
 .debug_line    0x0000249b      0x157 .\CortexM3\ARM_GCC_484\Debug\Design01.a(isr_1.o)
 .debug_line    0x000025f2      0x167 .\CortexM3\ARM_GCC_484\Debug\Design01.a(isr_2.o)
 .debug_line    0x00002759      0x182 .\CortexM3\ARM_GCC_484\Debug\Design01.a(Filter.o)
 .debug_line    0x000028db       0x78 .\CortexM3\ARM_GCC_484\Debug\Design01.a(Filter_PVT.o)
 .debug_line    0x00002953       0x58 .\CortexM3\ARM_GCC_484\Debug\Design01.a(Filter_RAM_Data.o)
 .debug_line    0x000029ab       0x9a .\CortexM3\ARM_GCC_484\Debug\Design01.a(ADC2Filter_DMA_dma.o)
 .debug_line    0x00002a45       0x91 .\CortexM3\ARM_GCC_484\Debug\Design01.a(DMA_4_dma.o)
 .debug_line    0x00002ad6       0x91 .\CortexM3\ARM_GCC_484\Debug\Design01.a(DMA_3_dma.o)
 .debug_line    0x00002b67      0x217 .\CortexM3\ARM_GCC_484\Debug\Design01.a(CyFlash.o)
 .debug_line    0x00002d7e      0x20c .\CortexM3\ARM_GCC_484\Debug\Design01.a(CySpc.o)
 .debug_line    0x00002f8a      0x140 Z:\scottcarlson On My Mac\Code\repos\LED_controller\CMSISfile\CMSIS\Lib\GCC\libarm_cortexM3l_math.a(arm_const_structs.o)
 .debug_line    0x000030ca      0x129 Z:\scottcarlson On My Mac\Code\repos\LED_controller\CMSISfile\CMSIS\Lib\GCC\libarm_cortexM3l_math.a(arm_common_tables.o)
 .debug_line    0x000031f3      0x43b Z:\scottcarlson On My Mac\Code\repos\LED_controller\CMSISfile\CMSIS\Lib\GCC\libarm_cortexM3l_math.a(arm_cfft_q15.o)
 .debug_line    0x0000362e       0x98 Z:\scottcarlson On My Mac\Code\repos\LED_controller\CMSISfile\CMSIS\Lib\GCC\libarm_cortexM3l_math.a(arm_bitreversal2.o)
 .debug_line    0x000036c6     0x106d Z:\scottcarlson On My Mac\Code\repos\LED_controller\CMSISfile\CMSIS\Lib\GCC\libarm_cortexM3l_math.a(arm_cfft_radix4_q15.o)
 .debug_line    0x00004733      0x18c Z:\scottcarlson On My Mac\Code\repos\LED_controller\CMSISfile\CMSIS\Lib\GCC\libarm_cortexM3l_math.a(arm_cmplx_mag_q15.o)
 .debug_line    0x000048bf      0x183 Z:\scottcarlson On My Mac\Code\repos\LED_controller\CMSISfile\CMSIS\Lib\GCC\libarm_cortexM3l_math.a(arm_sqrt_q15.o)
 .debug_line    0x00004a42      0x203 Z:\scottcarlson On My Mac\Code\repos\LED_controller\CMSISfile\CMSIS\Lib\GCC\libarm_cortexM3l_math.a(arm_bitreversal.o)

.debug_frame    0x00000000     0x2828
 *(.debug_frame)
 .debug_frame   0x00000000       0x80 .\CortexM3\ARM_GCC_484\Debug\main.o
 .debug_frame   0x00000080      0x208 .\CortexM3\ARM_GCC_484\Debug\math_helper.o
 .debug_frame   0x00000288       0xc4 .\CortexM3\ARM_GCC_484\Debug\Cm3Start.o
 .debug_frame   0x0000034c      0x13c .\CortexM3\ARM_GCC_484\Debug\Design01.a(cyfitter_cfg.o)
 .debug_frame   0x00000488      0x2c0 .\CortexM3\ARM_GCC_484\Debug\Design01.a(CyDmac.o)
 .debug_frame   0x00000748      0x924 .\CortexM3\ARM_GCC_484\Debug\Design01.a(CyLib.o)
 .debug_frame   0x0000106c      0x1d0 .\CortexM3\ARM_GCC_484\Debug\Design01.a(cyPm.o)
 .debug_frame   0x0000123c      0x200 .\CortexM3\ARM_GCC_484\Debug\Design01.a(LCD_Char_1.o)
 .debug_frame   0x0000143c      0x31c .\CortexM3\ARM_GCC_484\Debug\Design01.a(ADC_DelSig_1.o)
 .debug_frame   0x00001758       0x80 .\CortexM3\ARM_GCC_484\Debug\Design01.a(ADC_DelSig_1_INT.o)
 .debug_frame   0x000017d8       0x4c .\CortexM3\ARM_GCC_484\Debug\Design01.a(DMA_1_dma.o)
 .debug_frame   0x00001824       0x70 .\CortexM3\ARM_GCC_484\Debug\Design01.a(ADC_DelSig_1_AMux.o)
 .debug_frame   0x00001894      0x14c .\CortexM3\ARM_GCC_484\Debug\Design01.a(ADC_DelSig_1_Ext_CP_Clk.o)
 .debug_frame   0x000019e0      0x184 .\CortexM3\ARM_GCC_484\Debug\Design01.a(ADC_DelSig_1_theACLK.o)
 .debug_frame   0x00001b64       0x4c .\CortexM3\ARM_GCC_484\Debug\Design01.a(DMA_2_dma.o)
 .debug_frame   0x00001bb0      0x180 .\CortexM3\ARM_GCC_484\Debug\Design01.a(isr_1.o)
 .debug_frame   0x00001d30      0x180 .\CortexM3\ARM_GCC_484\Debug\Design01.a(isr_2.o)
 .debug_frame   0x00001eb0      0x188 .\CortexM3\ARM_GCC_484\Debug\Design01.a(Filter.o)
 .debug_frame   0x00002038       0x48 .\CortexM3\ARM_GCC_484\Debug\Design01.a(Filter_PVT.o)
 .debug_frame   0x00002080       0x4c .\CortexM3\ARM_GCC_484\Debug\Design01.a(ADC2Filter_DMA_dma.o)
 .debug_frame   0x000020cc       0x4c .\CortexM3\ARM_GCC_484\Debug\Design01.a(DMA_4_dma.o)
 .debug_frame   0x00002118       0x4c .\CortexM3\ARM_GCC_484\Debug\Design01.a(DMA_3_dma.o)
 .debug_frame   0x00002164      0x1a8 .\CortexM3\ARM_GCC_484\Debug\Design01.a(CyFlash.o)
 .debug_frame   0x0000230c      0x174 .\CortexM3\ARM_GCC_484\Debug\Design01.a(CySpc.o)
 .debug_frame   0x00002480       0x7c Z:\scottcarlson On My Mac\Code\repos\LED_controller\CMSISfile\CMSIS\Lib\GCC\libarm_cortexM3l_math.a(arm_cfft_q15.o)
 .debug_frame   0x000024fc       0x7c Z:\scottcarlson On My Mac\Code\repos\LED_controller\CMSISfile\CMSIS\Lib\GCC\libarm_cortexM3l_math.a(arm_cfft_radix4_q15.o)
 .debug_frame   0x00002578       0x38 Z:\scottcarlson On My Mac\Code\repos\LED_controller\CMSISfile\CMSIS\Lib\GCC\libarm_cortexM3l_math.a(arm_cmplx_mag_q15.o)
 .debug_frame   0x000025b0       0x30 Z:\scottcarlson On My Mac\Code\repos\LED_controller\CMSISfile\CMSIS\Lib\GCC\libarm_cortexM3l_math.a(arm_sqrt_q15.o)
 .debug_frame   0x000025e0       0x84 Z:\scottcarlson On My Mac\Code\repos\LED_controller\CMSISfile\CMSIS\Lib\GCC\libarm_cortexM3l_math.a(arm_bitreversal.o)
 .debug_frame   0x00002664       0x34 c:/program files/cypress/psoc creator/3.2/psoc creator/import/gnu/arm/4.8.4/bin/../lib/gcc/arm-none-eabi/4.8.4/../../../../arm-none-eabi/lib/armv7-m\libm.a(lib_a-w_log10.o)
 .debug_frame   0x00002698       0x34 c:/program files/cypress/psoc creator/3.2/psoc creator/import/gnu/arm/4.8.4/bin/../lib/gcc/arm-none-eabi/4.8.4/../../../../arm-none-eabi/lib/armv7-m\libm.a(lib_a-e_log10.o)
 .debug_frame   0x000026cc       0x28 c:/program files/cypress/psoc creator/3.2/psoc creator/import/gnu/arm/4.8.4/bin/../lib/gcc/arm-none-eabi/4.8.4/../../../../arm-none-eabi/lib/armv7-m\libm.a(lib_a-s_fpclassify.o)
 .debug_frame   0x000026f4       0x20 c:/program files/cypress/psoc creator/3.2/psoc creator/import/gnu/arm/4.8.4/bin/../lib/gcc/arm-none-eabi/4.8.4/../../../../arm-none-eabi/lib/armv7-m\libm.a(lib_a-s_matherr.o)
 .debug_frame   0x00002714       0x20 c:/program files/cypress/psoc creator/3.2/psoc creator/import/gnu/arm/4.8.4/bin/../lib/gcc/arm-none-eabi/4.8.4/../../../../arm-none-eabi/lib/armv7-m\libm.a(lib_a-s_nan.o)
 .debug_frame   0x00002734       0x38 c:/program files/cypress/psoc creator/3.2/psoc creator/import/gnu/arm/4.8.4/bin/../lib/gcc/arm-none-eabi/4.8.4/../../../../arm-none-eabi/lib/armv7-m\libm.a(lib_a-e_log.o)
 .debug_frame   0x0000276c       0x20 c:/program files/cypress/psoc creator/3.2/psoc creator/import/gnu/arm/4.8.4/bin/../lib/gcc/arm-none-eabi/4.8.4/../../../../arm-none-eabi/lib/armv7-m\libg_s.a(lib_a-errno.o)
 .debug_frame   0x0000278c       0x28 c:/program files/cypress/psoc creator/3.2/psoc creator/import/gnu/arm/4.8.4/bin/../lib/gcc/arm-none-eabi/4.8.4/../../../../arm-none-eabi/lib/armv7-m\libg_s.a(lib_a-exit.o)
 .debug_frame   0x000027b4       0x2c c:/program files/cypress/psoc creator/3.2/psoc creator/import/gnu/arm/4.8.4/bin/../lib/gcc/arm-none-eabi/4.8.4/../../../../arm-none-eabi/lib/armv7-m\libg_s.a(lib_a-init.o)
 .debug_frame   0x000027e0       0x28 c:/program files/cypress/psoc creator/3.2/psoc creator/import/gnu/arm/4.8.4/bin/../lib/gcc/arm-none-eabi/4.8.4/../../../../arm-none-eabi/lib/armv7-m\libg_s.a(lib_a-memcpy-stub.o)
 .debug_frame   0x00002808       0x20 c:/program files/cypress/psoc creator/3.2/psoc creator/import/gnu/arm/4.8.4/bin/../lib/gcc/arm-none-eabi/4.8.4/../../../../arm-none-eabi/lib/armv7-m\libg_s.a(lib_a-memset.o)

.debug_str      0x00000000     0x36e8
 *(.debug_str)
 .debug_str     0x00000000      0x30b .\CortexM3\ARM_GCC_484\Debug\main.o
                                0x36a (size before relaxing)
 .debug_str     0x0000030b      0x1e1 .\CortexM3\ARM_GCC_484\Debug\math_helper.o
                                0x3b7 (size before relaxing)
 .debug_str     0x000004ec       0x77 .\CortexM3\ARM_GCC_484\Debug\cymetadata.o
                                0x1f5 (size before relaxing)
 .debug_str     0x00000563      0x132 .\CortexM3\ARM_GCC_484\Debug\Cm3Start.o
                                0x2d6 (size before relaxing)
 .debug_str     0x00000695      0x1a9 .\CortexM3\ARM_GCC_484\Debug\Design01.a(cyfitter_cfg.o)
                                0x354 (size before relaxing)
 .debug_str     0x0000083e      0x36f .\CortexM3\ARM_GCC_484\Debug\Design01.a(CyDmac.o)
                                0x51c (size before relaxing)
 .debug_str     0x00000bad      0x78d .\CortexM3\ARM_GCC_484\Debug\Design01.a(CyLib.o)
                                0x996 (size before relaxing)
 .debug_str     0x0000133a      0x371 .\CortexM3\ARM_GCC_484\Debug\Design01.a(cyPm.o)
                                0x526 (size before relaxing)
 .debug_str     0x000016ab      0x1f6 .\CortexM3\ARM_GCC_484\Debug\Design01.a(LCD_Char_1.o)
                                0x3a4 (size before relaxing)
 .debug_str     0x000018a1      0x440 .\CortexM3\ARM_GCC_484\Debug\Design01.a(ADC_DelSig_1.o)
                                0x622 (size before relaxing)
 .debug_str     0x00001ce1       0x74 .\CortexM3\ARM_GCC_484\Debug\Design01.a(ADC_DelSig_1_INT.o)
                                0x1ec (size before relaxing)
 .debug_str     0x00001d55       0x95 .\CortexM3\ARM_GCC_484\Debug\Design01.a(DMA_1_dma.o)
                                0x21a (size before relaxing)
 .debug_str     0x00001dea       0x9e .\CortexM3\ARM_GCC_484\Debug\Design01.a(ADC_DelSig_1_AMux.o)
                                0x21b (size before relaxing)
 .debug_str     0x00001e88      0x21c .\CortexM3\ARM_GCC_484\Debug\Design01.a(ADC_DelSig_1_Ext_CP_Clk.o)
                                0x3b9 (size before relaxing)
 .debug_str     0x000020a4      0x20a .\CortexM3\ARM_GCC_484\Debug\Design01.a(ADC_DelSig_1_theACLK.o)
                                0x3ea (size before relaxing)
 .debug_str     0x000022ae       0x5a .\CortexM3\ARM_GCC_484\Debug\Design01.a(DMA_2_dma.o)
                                0x21a (size before relaxing)
 .debug_str     0x00002308       0xe8 .\CortexM3\ARM_GCC_484\Debug\Design01.a(isr_1.o)
                                0x2a5 (size before relaxing)
 .debug_str     0x000023f0       0xe8 .\CortexM3\ARM_GCC_484\Debug\Design01.a(isr_2.o)
                                0x2a5 (size before relaxing)
 .debug_str     0x000024d8      0x159 .\CortexM3\ARM_GCC_484\Debug\Design01.a(Filter.o)
                                0x30a (size before relaxing)
 .debug_str     0x00002631       0x57 .\CortexM3\ARM_GCC_484\Debug\Design01.a(Filter_PVT.o)
                                0x1da (size before relaxing)
 .debug_str     0x00002688       0x2b .\CortexM3\ARM_GCC_484\Debug\Design01.a(Filter_RAM_Data.o)
                                0x1eb (size before relaxing)
 .debug_str     0x000026b3       0x7e .\CortexM3\ARM_GCC_484\Debug\Design01.a(ADC2Filter_DMA_dma.o)
                                0x23e (size before relaxing)
 .debug_str     0x00002731       0x5a .\CortexM3\ARM_GCC_484\Debug\Design01.a(DMA_4_dma.o)
                                0x21a (size before relaxing)
 .debug_str     0x0000278b       0x5a .\CortexM3\ARM_GCC_484\Debug\Design01.a(DMA_3_dma.o)
                                0x21a (size before relaxing)
 .debug_str     0x000027e5      0x140 .\CortexM3\ARM_GCC_484\Debug\Design01.a(CyFlash.o)
                                0x2f5 (size before relaxing)
 .debug_str     0x00002925      0x116 .\CortexM3\ARM_GCC_484\Debug\Design01.a(CySpc.o)
                                0x2f2 (size before relaxing)
 .debug_str     0x00002a3b      0x757 Z:\scottcarlson On My Mac\Code\repos\LED_controller\CMSISfile\CMSIS\Lib\GCC\libarm_cortexM3l_math.a(arm_const_structs.o)
                                0x8a7 (size before relaxing)
 .debug_str     0x00003192      0x125 Z:\scottcarlson On My Mac\Code\repos\LED_controller\CMSISfile\CMSIS\Lib\GCC\libarm_cortexM3l_math.a(arm_common_tables.o)
                                0x6cf (size before relaxing)
 .debug_str     0x000032b7      0x134 Z:\scottcarlson On My Mac\Code\repos\LED_controller\CMSISfile\CMSIS\Lib\GCC\libarm_cortexM3l_math.a(arm_cfft_q15.o)
                                0x35b (size before relaxing)
 .debug_str     0x000033eb      0x10c Z:\scottcarlson On My Mac\Code\repos\LED_controller\CMSISfile\CMSIS\Lib\GCC\libarm_cortexM3l_math.a(arm_cfft_radix4_q15.o)
                                0x3c2 (size before relaxing)
 .debug_str     0x000034f7      0x104 Z:\scottcarlson On My Mac\Code\repos\LED_controller\CMSISfile\CMSIS\Lib\GCC\libarm_cortexM3l_math.a(arm_cmplx_mag_q15.o)
                                0x2e7 (size before relaxing)
 .debug_str     0x000035fb       0x74 Z:\scottcarlson On My Mac\Code\repos\LED_controller\CMSISfile\CMSIS\Lib\GCC\libarm_cortexM3l_math.a(arm_sqrt_q15.o)
                                0x31a (size before relaxing)
 .debug_str     0x0000366f       0x79 Z:\scottcarlson On My Mac\Code\repos\LED_controller\CMSISfile\CMSIS\Lib\GCC\libarm_cortexM3l_math.a(arm_bitreversal.o)
                                0x2a3 (size before relaxing)

.debug_loc      0x00000000     0x40a1
 *(.debug_loc)
 .debug_loc     0x00000000     0x114c Z:\scottcarlson On My Mac\Code\repos\LED_controller\CMSISfile\CMSIS\Lib\GCC\libarm_cortexM3l_math.a(arm_cfft_q15.o)
 .debug_loc     0x0000114c     0x24c3 Z:\scottcarlson On My Mac\Code\repos\LED_controller\CMSISfile\CMSIS\Lib\GCC\libarm_cortexM3l_math.a(arm_cfft_radix4_q15.o)
 .debug_loc     0x0000360f      0x288 Z:\scottcarlson On My Mac\Code\repos\LED_controller\CMSISfile\CMSIS\Lib\GCC\libarm_cortexM3l_math.a(arm_cmplx_mag_q15.o)
 .debug_loc     0x00003897      0x420 Z:\scottcarlson On My Mac\Code\repos\LED_controller\CMSISfile\CMSIS\Lib\GCC\libarm_cortexM3l_math.a(arm_sqrt_q15.o)
 .debug_loc     0x00003cb7      0x3ea Z:\scottcarlson On My Mac\Code\repos\LED_controller\CMSISfile\CMSIS\Lib\GCC\libarm_cortexM3l_math.a(arm_bitreversal.o)

.debug_macinfo
 *(.debug_macinfo)

.debug_ranges   0x00000000     0x24e8
 *(.debug_ranges)
 .debug_ranges  0x00000000       0x28 .\CortexM3\ARM_GCC_484\Debug\main.o
 .debug_ranges  0x00000028       0x80 .\CortexM3\ARM_GCC_484\Debug\math_helper.o
 .debug_ranges  0x000000a8       0x38 .\CortexM3\ARM_GCC_484\Debug\Cm3Start.o
 .debug_ranges  0x000000e0       0x58 .\CortexM3\ARM_GCC_484\Debug\Design01.a(cyfitter_cfg.o)
 .debug_ranges  0x00000138       0xc8 .\CortexM3\ARM_GCC_484\Debug\Design01.a(CyDmac.o)
 .debug_ranges  0x00000200      0x280 .\CortexM3\ARM_GCC_484\Debug\Design01.a(CyLib.o)
 .debug_ranges  0x00000480       0x80 .\CortexM3\ARM_GCC_484\Debug\Design01.a(cyPm.o)
 .debug_ranges  0x00000500       0x88 .\CortexM3\ARM_GCC_484\Debug\Design01.a(LCD_Char_1.o)
 .debug_ranges  0x00000588       0xd8 .\CortexM3\ARM_GCC_484\Debug\Design01.a(ADC_DelSig_1.o)
 .debug_ranges  0x00000660       0x28 .\CortexM3\ARM_GCC_484\Debug\Design01.a(ADC_DelSig_1_INT.o)
 .debug_ranges  0x00000688       0x18 .\CortexM3\ARM_GCC_484\Debug\Design01.a(DMA_1_dma.o)
 .debug_ranges  0x000006a0       0x20 .\CortexM3\ARM_GCC_484\Debug\Design01.a(ADC_DelSig_1_AMux.o)
 .debug_ranges  0x000006c0       0x60 .\CortexM3\ARM_GCC_484\Debug\Design01.a(ADC_DelSig_1_Ext_CP_Clk.o)
 .debug_ranges  0x00000720       0x70 .\CortexM3\ARM_GCC_484\Debug\Design01.a(ADC_DelSig_1_theACLK.o)
 .debug_ranges  0x00000790       0x18 .\CortexM3\ARM_GCC_484\Debug\Design01.a(DMA_2_dma.o)
 .debug_ranges  0x000007a8       0x70 .\CortexM3\ARM_GCC_484\Debug\Design01.a(isr_1.o)
 .debug_ranges  0x00000818       0x70 .\CortexM3\ARM_GCC_484\Debug\Design01.a(isr_2.o)
 .debug_ranges  0x00000888       0x70 .\CortexM3\ARM_GCC_484\Debug\Design01.a(Filter.o)
 .debug_ranges  0x000008f8       0x18 .\CortexM3\ARM_GCC_484\Debug\Design01.a(Filter_PVT.o)
 .debug_ranges  0x00000910       0x18 .\CortexM3\ARM_GCC_484\Debug\Design01.a(ADC2Filter_DMA_dma.o)
 .debug_ranges  0x00000928       0x18 .\CortexM3\ARM_GCC_484\Debug\Design01.a(DMA_4_dma.o)
 .debug_ranges  0x00000940       0x18 .\CortexM3\ARM_GCC_484\Debug\Design01.a(DMA_3_dma.o)
 .debug_ranges  0x00000958       0x70 .\CortexM3\ARM_GCC_484\Debug\Design01.a(CyFlash.o)
 .debug_ranges  0x000009c8       0x68 .\CortexM3\ARM_GCC_484\Debug\Design01.a(CySpc.o)
 .debug_ranges  0x00000a30      0x218 Z:\scottcarlson On My Mac\Code\repos\LED_controller\CMSISfile\CMSIS\Lib\GCC\libarm_cortexM3l_math.a(arm_cfft_q15.o)
 .debug_ranges  0x00000c48     0x17f0 Z:\scottcarlson On My Mac\Code\repos\LED_controller\CMSISfile\CMSIS\Lib\GCC\libarm_cortexM3l_math.a(arm_cfft_radix4_q15.o)
 .debug_ranges  0x00002438       0x80 Z:\scottcarlson On My Mac\Code\repos\LED_controller\CMSISfile\CMSIS\Lib\GCC\libarm_cortexM3l_math.a(arm_cmplx_mag_q15.o)
 .debug_ranges  0x000024b8       0x10 Z:\scottcarlson On My Mac\Code\repos\LED_controller\CMSISfile\CMSIS\Lib\GCC\libarm_cortexM3l_math.a(arm_sqrt_q15.o)
 .debug_ranges  0x000024c8       0x20 Z:\scottcarlson On My Mac\Code\repos\LED_controller\CMSISfile\CMSIS\Lib\GCC\libarm_cortexM3l_math.a(arm_bitreversal.o)

.comment        0x00000000       0xe0
 .comment       0x00000000       0x70 .\CortexM3\ARM_GCC_484\Debug\main.o
                                 0x71 (size before relaxing)
 .comment       0x00000000       0x71 .\CortexM3\ARM_GCC_484\Debug\math_helper.o
 .comment       0x00000000       0x71 .\CortexM3\ARM_GCC_484\Debug\cymetadata.o
 .comment       0x00000000       0x71 .\CortexM3\ARM_GCC_484\Debug\Cm3Start.o
 .comment       0x00000000       0x71 .\CortexM3\ARM_GCC_484\Debug\Design01.a(cyfitter_cfg.o)
 .comment       0x00000000       0x71 .\CortexM3\ARM_GCC_484\Debug\Design01.a(CyDmac.o)
 .comment       0x00000000       0x71 .\CortexM3\ARM_GCC_484\Debug\Design01.a(CyLib.o)
 .comment       0x00000000       0x71 .\CortexM3\ARM_GCC_484\Debug\Design01.a(cyPm.o)
 .comment       0x00000000       0x71 .\CortexM3\ARM_GCC_484\Debug\Design01.a(LCD_Char_1.o)
 .comment       0x00000000       0x71 .\CortexM3\ARM_GCC_484\Debug\Design01.a(ADC_DelSig_1.o)
 .comment       0x00000000       0x71 .\CortexM3\ARM_GCC_484\Debug\Design01.a(ADC_DelSig_1_INT.o)
 .comment       0x00000000       0x71 .\CortexM3\ARM_GCC_484\Debug\Design01.a(DMA_1_dma.o)
 .comment       0x00000000       0x71 .\CortexM3\ARM_GCC_484\Debug\Design01.a(ADC_DelSig_1_AMux.o)
 .comment       0x00000000       0x71 .\CortexM3\ARM_GCC_484\Debug\Design01.a(ADC_DelSig_1_Ext_CP_Clk.o)
 .comment       0x00000000       0x71 .\CortexM3\ARM_GCC_484\Debug\Design01.a(ADC_DelSig_1_theACLK.o)
 .comment       0x00000000       0x71 .\CortexM3\ARM_GCC_484\Debug\Design01.a(DMA_2_dma.o)
 .comment       0x00000000       0x71 .\CortexM3\ARM_GCC_484\Debug\Design01.a(isr_1.o)
 .comment       0x00000000       0x71 .\CortexM3\ARM_GCC_484\Debug\Design01.a(isr_2.o)
 .comment       0x00000000       0x71 .\CortexM3\ARM_GCC_484\Debug\Design01.a(Filter.o)
 .comment       0x00000000       0x71 .\CortexM3\ARM_GCC_484\Debug\Design01.a(Filter_PVT.o)
 .comment       0x00000000       0x71 .\CortexM3\ARM_GCC_484\Debug\Design01.a(Filter_RAM_Data.o)
 .comment       0x00000000       0x71 .\CortexM3\ARM_GCC_484\Debug\Design01.a(ADC2Filter_DMA_dma.o)
 .comment       0x00000000       0x71 .\CortexM3\ARM_GCC_484\Debug\Design01.a(DMA_4_dma.o)
 .comment       0x00000000       0x71 .\CortexM3\ARM_GCC_484\Debug\Design01.a(DMA_3_dma.o)
 .comment       0x00000000       0x71 .\CortexM3\ARM_GCC_484\Debug\Design01.a(CyFlash.o)
 .comment       0x00000000       0x71 .\CortexM3\ARM_GCC_484\Debug\Design01.a(CySpc.o)
 .comment       0x00000070       0x70 Z:\scottcarlson On My Mac\Code\repos\LED_controller\CMSISfile\CMSIS\Lib\GCC\libarm_cortexM3l_math.a(arm_const_structs.o)
                                 0x71 (size before relaxing)
 .comment       0x00000000       0x71 Z:\scottcarlson On My Mac\Code\repos\LED_controller\CMSISfile\CMSIS\Lib\GCC\libarm_cortexM3l_math.a(arm_common_tables.o)
 .comment       0x00000000       0x71 Z:\scottcarlson On My Mac\Code\repos\LED_controller\CMSISfile\CMSIS\Lib\GCC\libarm_cortexM3l_math.a(arm_cfft_q15.o)
 .comment       0x00000000       0x71 Z:\scottcarlson On My Mac\Code\repos\LED_controller\CMSISfile\CMSIS\Lib\GCC\libarm_cortexM3l_math.a(arm_cfft_radix4_q15.o)
 .comment       0x00000000       0x71 Z:\scottcarlson On My Mac\Code\repos\LED_controller\CMSISfile\CMSIS\Lib\GCC\libarm_cortexM3l_math.a(arm_cmplx_mag_q15.o)
 .comment       0x00000000       0x71 Z:\scottcarlson On My Mac\Code\repos\LED_controller\CMSISfile\CMSIS\Lib\GCC\libarm_cortexM3l_math.a(arm_sqrt_q15.o)
 .comment       0x00000000       0x71 Z:\scottcarlson On My Mac\Code\repos\LED_controller\CMSISfile\CMSIS\Lib\GCC\libarm_cortexM3l_math.a(arm_bitreversal.o)

.debug_weaknames
 *(.debug_weaknames)

.debug_funcnames
 *(.debug_funcnames)

.debug_typenames
 *(.debug_typenames)

.debug_varnames
 *(.debug_varnames)

.note.gnu.arm.ident
 *(.note.gnu.arm.ident)

.ARM.attributes
                0x00000000       0x29
 *(.ARM.attributes)
 .ARM.attributes
                0x00000000       0x1d c:/program files/cypress/psoc creator/3.2/psoc creator/import/gnu/arm/4.8.4/bin/../lib/gcc/arm-none-eabi/4.8.4/armv7-m/crti.o
 .ARM.attributes
                0x0000001d       0x2d c:/program files/cypress/psoc creator/3.2/psoc creator/import/gnu/arm/4.8.4/bin/../lib/gcc/arm-none-eabi/4.8.4/armv7-m/crtbegin.o
 .ARM.attributes
                0x0000004a       0x1b c:/program files/cypress/psoc creator/3.2/psoc creator/import/gnu/arm/4.8.4/bin/../lib/gcc/arm-none-eabi/4.8.4/../../../../arm-none-eabi/lib/armv7-m/crt0.o
 .ARM.attributes
                0x00000065       0x33 .\CortexM3\ARM_GCC_484\Debug\main.o
 .ARM.attributes
                0x00000098       0x33 .\CortexM3\ARM_GCC_484\Debug\math_helper.o
 .ARM.attributes
                0x000000cb       0x33 .\CortexM3\ARM_GCC_484\Debug\cymetadata.o
 .ARM.attributes
                0x000000fe       0x33 .\CortexM3\ARM_GCC_484\Debug\Cm3Start.o
 .ARM.attributes
                0x00000131       0x33 .\CortexM3\ARM_GCC_484\Debug\Design01.a(cyfitter_cfg.o)
 .ARM.attributes
                0x00000164       0x21 .\CortexM3\ARM_GCC_484\Debug\Design01.a(CyBootAsmGnu.o)
 .ARM.attributes
                0x00000185       0x33 .\CortexM3\ARM_GCC_484\Debug\Design01.a(CyDmac.o)
 .ARM.attributes
                0x000001b8       0x33 .\CortexM3\ARM_GCC_484\Debug\Design01.a(CyLib.o)
 .ARM.attributes
                0x000001eb       0x33 .\CortexM3\ARM_GCC_484\Debug\Design01.a(cyPm.o)
 .ARM.attributes
                0x0000021e       0x33 .\CortexM3\ARM_GCC_484\Debug\Design01.a(LCD_Char_1.o)
 .ARM.attributes
                0x00000251       0x33 .\CortexM3\ARM_GCC_484\Debug\Design01.a(ADC_DelSig_1.o)
 .ARM.attributes
                0x00000284       0x33 .\CortexM3\ARM_GCC_484\Debug\Design01.a(ADC_DelSig_1_INT.o)
 .ARM.attributes
                0x000002b7       0x33 .\CortexM3\ARM_GCC_484\Debug\Design01.a(DMA_1_dma.o)
 .ARM.attributes
                0x000002ea       0x33 .\CortexM3\ARM_GCC_484\Debug\Design01.a(ADC_DelSig_1_AMux.o)
 .ARM.attributes
                0x0000031d       0x33 .\CortexM3\ARM_GCC_484\Debug\Design01.a(ADC_DelSig_1_Ext_CP_Clk.o)
 .ARM.attributes
                0x00000350       0x33 .\CortexM3\ARM_GCC_484\Debug\Design01.a(ADC_DelSig_1_theACLK.o)
 .ARM.attributes
                0x00000383       0x33 .\CortexM3\ARM_GCC_484\Debug\Design01.a(DMA_2_dma.o)
 .ARM.attributes
                0x000003b6       0x33 .\CortexM3\ARM_GCC_484\Debug\Design01.a(isr_1.o)
 .ARM.attributes
                0x000003e9       0x33 .\CortexM3\ARM_GCC_484\Debug\Design01.a(isr_2.o)
 .ARM.attributes
                0x0000041c       0x33 .\CortexM3\ARM_GCC_484\Debug\Design01.a(Filter.o)
 .ARM.attributes
                0x0000044f       0x33 .\CortexM3\ARM_GCC_484\Debug\Design01.a(Filter_PVT.o)
 .ARM.attributes
                0x00000482       0x33 .\CortexM3\ARM_GCC_484\Debug\Design01.a(Filter_RAM_Data.o)
 .ARM.attributes
                0x000004b5       0x33 .\CortexM3\ARM_GCC_484\Debug\Design01.a(ADC2Filter_DMA_dma.o)
 .ARM.attributes
                0x000004e8       0x33 .\CortexM3\ARM_GCC_484\Debug\Design01.a(DMA_4_dma.o)
 .ARM.attributes
                0x0000051b       0x33 .\CortexM3\ARM_GCC_484\Debug\Design01.a(DMA_3_dma.o)
 .ARM.attributes
                0x0000054e       0x33 .\CortexM3\ARM_GCC_484\Debug\Design01.a(CyFlash.o)
 .ARM.attributes
                0x00000581       0x33 .\CortexM3\ARM_GCC_484\Debug\Design01.a(CySpc.o)
 .ARM.attributes
                0x000005b4       0x33 Z:\scottcarlson On My Mac\Code\repos\LED_controller\CMSISfile\CMSIS\Lib\GCC\libarm_cortexM3l_math.a(arm_const_structs.o)
 .ARM.attributes
                0x000005e7       0x33 Z:\scottcarlson On My Mac\Code\repos\LED_controller\CMSISfile\CMSIS\Lib\GCC\libarm_cortexM3l_math.a(arm_common_tables.o)
 .ARM.attributes
                0x0000061a       0x33 Z:\scottcarlson On My Mac\Code\repos\LED_controller\CMSISfile\CMSIS\Lib\GCC\libarm_cortexM3l_math.a(arm_cfft_q15.o)
 .ARM.attributes
                0x0000064d       0x21 Z:\scottcarlson On My Mac\Code\repos\LED_controller\CMSISfile\CMSIS\Lib\GCC\libarm_cortexM3l_math.a(arm_bitreversal2.o)
 .ARM.attributes
                0x0000066e       0x33 Z:\scottcarlson On My Mac\Code\repos\LED_controller\CMSISfile\CMSIS\Lib\GCC\libarm_cortexM3l_math.a(arm_cfft_radix4_q15.o)
 .ARM.attributes
                0x000006a1       0x33 Z:\scottcarlson On My Mac\Code\repos\LED_controller\CMSISfile\CMSIS\Lib\GCC\libarm_cortexM3l_math.a(arm_cmplx_mag_q15.o)
 .ARM.attributes
                0x000006d4       0x33 Z:\scottcarlson On My Mac\Code\repos\LED_controller\CMSISfile\CMSIS\Lib\GCC\libarm_cortexM3l_math.a(arm_sqrt_q15.o)
 .ARM.attributes
                0x00000707       0x33 Z:\scottcarlson On My Mac\Code\repos\LED_controller\CMSISfile\CMSIS\Lib\GCC\libarm_cortexM3l_math.a(arm_bitreversal.o)
 .ARM.attributes
                0x0000073a       0x2d c:/program files/cypress/psoc creator/3.2/psoc creator/import/gnu/arm/4.8.4/bin/../lib/gcc/arm-none-eabi/4.8.4/../../../../arm-none-eabi/lib/armv7-m\libm.a(lib_a-w_log10.o)
 .ARM.attributes
                0x00000767       0x2d c:/program files/cypress/psoc creator/3.2/psoc creator/import/gnu/arm/4.8.4/bin/../lib/gcc/arm-none-eabi/4.8.4/../../../../arm-none-eabi/lib/armv7-m\libm.a(lib_a-e_log10.o)
 .ARM.attributes
                0x00000794       0x2d c:/program files/cypress/psoc creator/3.2/psoc creator/import/gnu/arm/4.8.4/bin/../lib/gcc/arm-none-eabi/4.8.4/../../../../arm-none-eabi/lib/armv7-m\libm.a(lib_a-s_fpclassify.o)
 .ARM.attributes
                0x000007c1       0x2d c:/program files/cypress/psoc creator/3.2/psoc creator/import/gnu/arm/4.8.4/bin/../lib/gcc/arm-none-eabi/4.8.4/../../../../arm-none-eabi/lib/armv7-m\libm.a(lib_a-s_lib_ver.o)
 .ARM.attributes
                0x000007ee       0x2d c:/program files/cypress/psoc creator/3.2/psoc creator/import/gnu/arm/4.8.4/bin/../lib/gcc/arm-none-eabi/4.8.4/../../../../arm-none-eabi/lib/armv7-m\libm.a(lib_a-s_matherr.o)
 .ARM.attributes
                0x0000081b       0x2d c:/program files/cypress/psoc creator/3.2/psoc creator/import/gnu/arm/4.8.4/bin/../lib/gcc/arm-none-eabi/4.8.4/../../../../arm-none-eabi/lib/armv7-m\libm.a(lib_a-s_nan.o)
 .ARM.attributes
                0x00000848       0x2d c:/program files/cypress/psoc creator/3.2/psoc creator/import/gnu/arm/4.8.4/bin/../lib/gcc/arm-none-eabi/4.8.4/../../../../arm-none-eabi/lib/armv7-m\libm.a(lib_a-e_log.o)
 .ARM.attributes
                0x00000875       0x1d c:/program files/cypress/psoc creator/3.2/psoc creator/import/gnu/arm/4.8.4/bin/../lib/gcc/arm-none-eabi/4.8.4/armv7-m\libgcc.a(_arm_addsubdf3.o)
 .ARM.attributes
                0x00000892       0x1d c:/program files/cypress/psoc creator/3.2/psoc creator/import/gnu/arm/4.8.4/bin/../lib/gcc/arm-none-eabi/4.8.4/armv7-m\libgcc.a(_arm_muldivdf3.o)
 .ARM.attributes
                0x000008af       0x1d c:/program files/cypress/psoc creator/3.2/psoc creator/import/gnu/arm/4.8.4/bin/../lib/gcc/arm-none-eabi/4.8.4/armv7-m\libgcc.a(_arm_cmpdf2.o)
 .ARM.attributes
                0x000008cc       0x1d c:/program files/cypress/psoc creator/3.2/psoc creator/import/gnu/arm/4.8.4/bin/../lib/gcc/arm-none-eabi/4.8.4/armv7-m\libgcc.a(_arm_fixdfsi.o)
 .ARM.attributes
                0x000008e9       0x1d c:/program files/cypress/psoc creator/3.2/psoc creator/import/gnu/arm/4.8.4/bin/../lib/gcc/arm-none-eabi/4.8.4/armv7-m\libgcc.a(_arm_truncdfsf2.o)
 .ARM.attributes
                0x00000906       0x1d c:/program files/cypress/psoc creator/3.2/psoc creator/import/gnu/arm/4.8.4/bin/../lib/gcc/arm-none-eabi/4.8.4/armv7-m\libgcc.a(_arm_addsubsf3.o)
 .ARM.attributes
                0x00000923       0x1d c:/program files/cypress/psoc creator/3.2/psoc creator/import/gnu/arm/4.8.4/bin/../lib/gcc/arm-none-eabi/4.8.4/armv7-m\libgcc.a(_arm_muldivsf3.o)
 .ARM.attributes
                0x00000940       0x1d c:/program files/cypress/psoc creator/3.2/psoc creator/import/gnu/arm/4.8.4/bin/../lib/gcc/arm-none-eabi/4.8.4/armv7-m\libgcc.a(_arm_cmpsf2.o)
 .ARM.attributes
                0x0000095d       0x1d c:/program files/cypress/psoc creator/3.2/psoc creator/import/gnu/arm/4.8.4/bin/../lib/gcc/arm-none-eabi/4.8.4/armv7-m\libgcc.a(_arm_fixsfsi.o)
 .ARM.attributes
                0x0000097a       0x1d c:/program files/cypress/psoc creator/3.2/psoc creator/import/gnu/arm/4.8.4/bin/../lib/gcc/arm-none-eabi/4.8.4/armv7-m\libgcc.a(_arm_fixunssfsi.o)
 .ARM.attributes
                0x00000997       0x2d c:/program files/cypress/psoc creator/3.2/psoc creator/import/gnu/arm/4.8.4/bin/../lib/gcc/arm-none-eabi/4.8.4/../../../../arm-none-eabi/lib/armv7-m\libg_s.a(lib_a-errno.o)
 .ARM.attributes
                0x000009c4       0x2d c:/program files/cypress/psoc creator/3.2/psoc creator/import/gnu/arm/4.8.4/bin/../lib/gcc/arm-none-eabi/4.8.4/../../../../arm-none-eabi/lib/armv7-m\libg_s.a(lib_a-exit.o)
 .ARM.attributes
                0x000009f1       0x2d c:/program files/cypress/psoc creator/3.2/psoc creator/import/gnu/arm/4.8.4/bin/../lib/gcc/arm-none-eabi/4.8.4/../../../../arm-none-eabi/lib/armv7-m\libg_s.a(lib_a-impure.o)
 .ARM.attributes
                0x00000a1e       0x2d c:/program files/cypress/psoc creator/3.2/psoc creator/import/gnu/arm/4.8.4/bin/../lib/gcc/arm-none-eabi/4.8.4/../../../../arm-none-eabi/lib/armv7-m\libg_s.a(lib_a-init.o)
 .ARM.attributes
                0x00000a4b       0x2d c:/program files/cypress/psoc creator/3.2/psoc creator/import/gnu/arm/4.8.4/bin/../lib/gcc/arm-none-eabi/4.8.4/../../../../arm-none-eabi/lib/armv7-m\libg_s.a(lib_a-memcpy-stub.o)
 .ARM.attributes
                0x00000a78       0x2d c:/program files/cypress/psoc creator/3.2/psoc creator/import/gnu/arm/4.8.4/bin/../lib/gcc/arm-none-eabi/4.8.4/../../../../arm-none-eabi/lib/armv7-m\libg_s.a(lib_a-memset.o)
 .ARM.attributes
                0x00000aa5       0x2d c:/program files/cypress/psoc creator/3.2/psoc creator/import/gnu/arm/4.8.4/bin/../lib/gcc/arm-none-eabi/4.8.4/armv7-m/crtend.o
 .ARM.attributes
                0x00000ad2       0x1d c:/program files/cypress/psoc creator/3.2/psoc creator/import/gnu/arm/4.8.4/bin/../lib/gcc/arm-none-eabi/4.8.4/armv7-m/crtn.o

/DISCARD/
 *(.note.GNU-stack)
OUTPUT(.\CortexM3\ARM_GCC_484\Debug\Design01.elf elf32-littlearm)
