Archive member included because of file (symbol)

.\CortexM3\ARM_GCC_484\Debug\Filter_ADC_VDAC01.a(cyfitter_cfg.o)
                              .\CortexM3\ARM_GCC_484\Debug\Cm3Start.o (cyfitter_cfg)
.\CortexM3\ARM_GCC_484\Debug\Filter_ADC_VDAC01.a(DMA_dma.o)
                              .\CortexM3\ARM_GCC_484\Debug\main.o (DMA_DmaInitialize)
.\CortexM3\ARM_GCC_484\Debug\Filter_ADC_VDAC01.a(ADC_DelSig.o)
                              .\CortexM3\ARM_GCC_484\Debug\main.o (ADC_DelSig_Start)
.\CortexM3\ARM_GCC_484\Debug\Filter_ADC_VDAC01.a(ADC_DelSig_INT.o)
                              .\CortexM3\ARM_GCC_484\Debug\Filter_ADC_VDAC01.a(ADC_DelSig.o) (ADC_DelSig_ISR1)
.\CortexM3\ARM_GCC_484\Debug\Filter_ADC_VDAC01.a(VDAC8.o)
                              .\CortexM3\ARM_GCC_484\Debug\main.o (VDAC8_Start)
.\CortexM3\ARM_GCC_484\Debug\Filter_ADC_VDAC01.a(Filter.o)
                              .\CortexM3\ARM_GCC_484\Debug\main.o (Filter_Start)
.\CortexM3\ARM_GCC_484\Debug\Filter_ADC_VDAC01.a(Filter_PVT.o)
                              .\CortexM3\ARM_GCC_484\Debug\Filter_ADC_VDAC01.a(Filter.o) (Filter_SetInterruptMode)
.\CortexM3\ARM_GCC_484\Debug\Filter_ADC_VDAC01.a(Filter_RAM_Data.o)
                              .\CortexM3\ARM_GCC_484\Debug\Filter_ADC_VDAC01.a(Filter.o) (Filter_control)
.\CortexM3\ARM_GCC_484\Debug\Filter_ADC_VDAC01.a(ADC_DelSig_Ext_CP_Clk.o)
                              .\CortexM3\ARM_GCC_484\Debug\Filter_ADC_VDAC01.a(ADC_DelSig.o) (ADC_DelSig_Ext_CP_Clk_SetDividerRegister)
.\CortexM3\ARM_GCC_484\Debug\Filter_ADC_VDAC01.a(ADC_DelSig_IRQ.o)
                              .\CortexM3\ARM_GCC_484\Debug\main.o (ADC_DelSig_IRQ_Start)
.\CortexM3\ARM_GCC_484\Debug\Filter_ADC_VDAC01.a(ADC_DelSig_theACLK.o)
                              .\CortexM3\ARM_GCC_484\Debug\Filter_ADC_VDAC01.a(ADC_DelSig.o) (ADC_DelSig_theACLK_SetDividerRegister)
.\CortexM3\ARM_GCC_484\Debug\Filter_ADC_VDAC01.a(CyBootAsmGnu.o)
                              .\CortexM3\ARM_GCC_484\Debug\Filter_ADC_VDAC01.a(cyfitter_cfg.o) (CyDelayCycles)
.\CortexM3\ARM_GCC_484\Debug\Filter_ADC_VDAC01.a(CyDmac.o)
                              .\CortexM3\ARM_GCC_484\Debug\Cm3Start.o (CyDmacConfigure)
.\CortexM3\ARM_GCC_484\Debug\Filter_ADC_VDAC01.a(CyLib.o)
                              .\CortexM3\ARM_GCC_484\Debug\Cm3Start.o (CyResetStatus)
.\CortexM3\ARM_GCC_484\Debug\Filter_ADC_VDAC01.a(cyPm.o)
                              .\CortexM3\ARM_GCC_484\Debug\Filter_ADC_VDAC01.a(CyLib.o) (CyPmReadStatus)
.\CortexM3\ARM_GCC_484\Debug\Filter_ADC_VDAC01.a(DMA_2_dma.o)
                              .\CortexM3\ARM_GCC_484\Debug\main.o (DMA_2_DmaInitialize)
.\CortexM3\ARM_GCC_484\Debug\Filter_ADC_VDAC01.a(DMA_1_dma.o)
                              .\CortexM3\ARM_GCC_484\Debug\main.o (DMA_1_DmaInitialize)
.\CortexM3\ARM_GCC_484\Debug\Filter_ADC_VDAC01.a(CyFlash.o)
                              .\CortexM3\ARM_GCC_484\Debug\Filter_ADC_VDAC01.a(cyPm.o) (CyFlash_SetWaitCycles)
.\CortexM3\ARM_GCC_484\Debug\Filter_ADC_VDAC01.a(CySpc.o)
                              .\CortexM3\ARM_GCC_484\Debug\Filter_ADC_VDAC01.a(CyFlash.o) (CySpcStart)
c:/program files/cypress/psoc creator/3.2/psoc creator/import/gnu/arm/4.8.4/bin/../lib/gcc/arm-none-eabi/4.8.4/armv7-m\libgcc.a(_arm_addsubdf3.o)
                              .\CortexM3\ARM_GCC_484\Debug\Filter_ADC_VDAC01.a(ADC_DelSig.o) (__aeabi_f2d)
c:/program files/cypress/psoc creator/3.2/psoc creator/import/gnu/arm/4.8.4/bin/../lib/gcc/arm-none-eabi/4.8.4/armv7-m\libgcc.a(_arm_cmpdf2.o)
                              .\CortexM3\ARM_GCC_484\Debug\Filter_ADC_VDAC01.a(ADC_DelSig.o) (__aeabi_dcmpgt)
c:/program files/cypress/psoc creator/3.2/psoc creator/import/gnu/arm/4.8.4/bin/../lib/gcc/arm-none-eabi/4.8.4/armv7-m\libgcc.a(_arm_addsubsf3.o)
                              .\CortexM3\ARM_GCC_484\Debug\Filter_ADC_VDAC01.a(ADC_DelSig.o) (__aeabi_ui2f)
c:/program files/cypress/psoc creator/3.2/psoc creator/import/gnu/arm/4.8.4/bin/../lib/gcc/arm-none-eabi/4.8.4/armv7-m\libgcc.a(_arm_muldivsf3.o)
                              .\CortexM3\ARM_GCC_484\Debug\Filter_ADC_VDAC01.a(ADC_DelSig.o) (__aeabi_fmul)
c:/program files/cypress/psoc creator/3.2/psoc creator/import/gnu/arm/4.8.4/bin/../lib/gcc/arm-none-eabi/4.8.4/armv7-m\libgcc.a(_arm_fixunssfsi.o)
                              .\CortexM3\ARM_GCC_484\Debug\Filter_ADC_VDAC01.a(ADC_DelSig.o) (__aeabi_f2uiz)
c:/program files/cypress/psoc creator/3.2/psoc creator/import/gnu/arm/4.8.4/bin/../lib/gcc/arm-none-eabi/4.8.4/../../../../arm-none-eabi/lib/armv7-m\libg_s.a(lib_a-errno.o)
                              .\CortexM3\ARM_GCC_484\Debug\Cm3Start.o (__errno)
c:/program files/cypress/psoc creator/3.2/psoc creator/import/gnu/arm/4.8.4/bin/../lib/gcc/arm-none-eabi/4.8.4/../../../../arm-none-eabi/lib/armv7-m\libg_s.a(lib_a-exit.o)
[...]
Memory Configuration

Name             Origin             Length             Attributes
rom              0x00000000         0x00040000         xr
ram              0x1fff8000         0x00010000         xrw
*default*        0x00000000         0xffffffff

Linker script and memory map

LOAD c:/program files/cypress/psoc creator/3.2/psoc creator/import/gnu/arm/4.8.4/bin/../lib/gcc/arm-none-eabi/4.8.4/armv7-m/crti.o
LOAD c:/program files/cypress/psoc creator/3.2/psoc creator/import/gnu/arm/4.8.4/bin/../lib/gcc/arm-none-eabi/4.8.4/armv7-m/crtbegin.o
LOAD c:/program files/cypress/psoc creator/3.2/psoc creator/import/gnu/arm/4.8.4/bin/../lib/gcc/arm-none-eabi/4.8.4/../../../../arm-none-eabi/lib/armv7-m/crt0.o
START GROUP
LOAD .\CortexM3\ARM_GCC_484\Debug\main.o
LOAD .\CortexM3\ARM_GCC_484\Debug\cymetadata.o
LOAD .\CortexM3\ARM_GCC_484\Debug\Cm3Start.o
LOAD .\CortexM3\ARM_GCC_484\Debug\Filter_ADC_VDAC01.a
LOAD C:\Program Files\Cypress\PSoC Creator\3.2\PSoC Creator\psoc\content\cycomponentlibrary\CyComponentLibrary.cylib\CortexM3\ARM_GCC_484\Debug\CyComponentLibrary.a
END GROUP
START GROUP
LOAD c:/program files/cypress/psoc creator/3.2/psoc creator/import/gnu/arm/4.8.4/bin/../lib/gcc/arm-none-eabi/4.8.4/armv7-m\libgcc.a
LOAD c:/program files/cypress/psoc creator/3.2/psoc creator/import/gnu/arm/4.8.4/bin/../lib/gcc/arm-none-eabi/4.8.4/../../../../arm-none-eabi/lib/armv7-m\libg_s.a
LOAD c:/program files/cypress/psoc creator/3.2/psoc creator/import/gnu/arm/4.8.4/bin/../lib/gcc/arm-none-eabi/4.8.4/../../../../arm-none-eabi/lib/armv7-m\libc_s.a
END GROUP
START GROUP
LOAD c:/program files/cypress/psoc creator/3.2/psoc creator/import/gnu/arm/4.8.4/bin/../lib/gcc/arm-none-eabi/4.8.4/armv7-m\libgcc.a
LOAD c:/program files/cypress/psoc creator/3.2/psoc creator/import/gnu/arm/4.8.4/bin/../lib/gcc/arm-none-eabi/4.8.4/../../../../arm-none-eabi/lib/armv7-m\libc_s.a
END GROUP
LOAD c:/program files/cypress/psoc creator/3.2/psoc creator/import/gnu/arm/4.8.4/bin/../lib/gcc/arm-none-eabi/4.8.4/armv7-m/crtend.o
LOAD c:/program files/cypress/psoc creator/3.2/psoc creator/import/gnu/arm/4.8.4/bin/../lib/gcc/arm-none-eabi/4.8.4/armv7-m/crtn.o
START GROUP
LOAD c:/program files/cypress/psoc creator/3.2/psoc creator/import/gnu/arm/4.8.4/bin/../lib/gcc/arm-none-eabi/4.8.4/armv7-m\libgcc.a
LOAD c:/program files/cypress/psoc creator/3.2/psoc creator/import/gnu/arm/4.8.4/bin/../lib/gcc/arm-none-eabi/4.8.4/../../../../arm-none-eabi/lib/armv7-m\libc.a
LOAD c:/program files/cypress/psoc creator/3.2/psoc creator/import/gnu/arm/4.8.4/bin/../lib/gcc/arm-none-eabi/4.8.4/../../../../arm-none-eabi/lib/armv7-m\libnosys.a
END GROUP
                0x00000000                CY_APPL_ORIGIN = 0x0
                0x00000100                CY_FLASH_ROW_SIZE = 0x100
                0x00000020                CY_ECC_ROW_SIZE = 0x20
                0x00000000                CY_EE_IN_BTLDR = 0x0
                0x00000000                CY_APPL_LOADABLE = 0x0
                0x00000800                CY_EE_SIZE = 0x800
                0x00000001                CY_APPL_NUM = 0x1
                0x00000001                CY_APPL_MAX = 0x1
                0x00000040                CY_METADATA_SIZE = 0x40
                0x1fff9170                PROVIDE (__cy_heap_start, _end)
                0x00000001                PROVIDE (__cy_region_num, ((__cy_regions_end - __cy_regions) / 0x10))
                0x20008000                PROVIDE (__cy_stack, (ORIGIN (ram) + 0x10000))
                0x20007800                PROVIDE (__cy_heap_end, (__cy_stack - 0x800))

.cybootloader   0x00000000        0x0
 *(.cybootloader)
                0x00000000                appl1_start = CY_APPL_ORIGIN?CY_APPL_ORIGIN:ALIGN (CY_FLASH_ROW_SIZE)
                0x0001ff00                appl2_start = (appl1_start + ALIGN ((((0x40000 - appl1_start) - (0x2 * CY_FLASH_ROW_SIZE)) / 0x2), CY_FLASH_ROW_SIZE))
                0x00000000                appl_start = (CY_APPL_NUM == 0x1)?appl1_start:appl2_start
                0x00000000                ecc_offset = ((appl_start / CY_FLASH_ROW_SIZE) * CY_ECC_ROW_SIZE)
                0x00000000                ee_offset = (CY_APPL_LOADABLE && ! (CY_EE_IN_BTLDR))?((CY_EE_SIZE / CY_APPL_MAX) * (CY_APPL_NUM - 0x1)):0x0
                0x00000800                ee_size = (CY_APPL_LOADABLE && ! (CY_EE_IN_BTLDR))?(CY_EE_SIZE / CY_APPL_MAX):CY_EE_SIZE
                0x00000000                PROVIDE (CY_ECC_OFFSET, ecc_offset)

.text           0x00000000     0x1c42
 CREATE_OBJECT_SYMBOLS
                0x00000000                PROVIDE (__cy_interrupt_vector, RomVectors)
 *(.romvectors)
 .romvectors    0x00000000       0x10 .\CortexM3\ARM_GCC_484\Debug\Cm3Start.o
                0x00000000                RomVectors
                0x00000001                ASSERT ((. != __cy_interrupt_vector), No interrupt vector)
                0x00000001                ASSERT (CY_APPL_ORIGIN?(SIZEOF (.cybootloader) <= CY_APPL_ORIGIN):0x1, Wrong image location)
                0x00000010                PROVIDE (__cy_reset, Reset)
 *(.text.Reset)
 .text.Reset    0x00000010       0x18 .\CortexM3\ARM_GCC_484\Debug\Cm3Start.o
                0x00000010                Reset
                0x00000001                ASSERT ((. != __cy_reset), No reset code)
 *(.dma_init)
 .dma_init      0x00000028      0x170 .\CortexM3\ARM_GCC_484\Debug\Filter_ADC_VDAC01.a(cyfitter_cfg.o)
                0x00000001                ASSERT ((((appl_start + .) <= 0x10000) || 0x0), DMA Init must be within the first 64k of flash)
 *(.text .text.* .gnu.linkonce.t.*)
 .text          0x00000198       0x54 c:/program files/cypress/psoc creator/3.2/psoc creator/import/gnu/arm/4.8.4/bin/../lib/gcc/arm-none-eabi/4.8.4/armv7-m/crtbegin.o
 .text.main     0x000001ec       0x20 .\CortexM3\ARM_GCC_484\Debug\main.o
                0x000001ec                main
 .text.DMA_Config
                0x0000020c      0x104 .\CortexM3\ARM_GCC_484\Debug\main.o
                0x0000020c                DMA_Config
 .text.IntDefaultHandler
                0x00000310        0x8 .\CortexM3\ARM_GCC_484\Debug\Cm3Start.o
                0x00000310                IntDefaultHandler
 .text.Start_c  0x00000318       0x98 .\CortexM3\ARM_GCC_484\Debug\Cm3Start.o
                0x00000318                Start_c
 .text.initialize_psoc
                0x000003b0       0x90 .\CortexM3\ARM_GCC_484\Debug\Cm3Start.o
                0x000003b0                initialize_psoc
 .text.CYMEMZERO
                0x00000440       0x1c .\CortexM3\ARM_GCC_484\Debug\Filter_ADC_VDAC01.a(cyfitter_cfg.o)
 .text.CYCONFIGCPY
                0x0000045c       0x1c .\CortexM3\ARM_GCC_484\Debug\Filter_ADC_VDAC01.a(cyfitter_cfg.o)
 .text.CyClockStartupError
                0x00000478        0xc .\CortexM3\ARM_GCC_484\Debug\Filter_ADC_VDAC01.a(cyfitter_cfg.o)
 .text.cfg_dma_init
                0x00000484      0x160 .\CortexM3\ARM_GCC_484\Debug\Filter_ADC_VDAC01.a(cyfitter_cfg.o)
 .text.ClockSetup
                0x000005e4      0x140 .\CortexM3\ARM_GCC_484\Debug\Filter_ADC_VDAC01.a(cyfitter_cfg.o)
 .text.AnalogSetDefault
                0x00000724       0x74 .\CortexM3\ARM_GCC_484\Debug\Filter_ADC_VDAC01.a(cyfitter_cfg.o)
 .text.cyfitter_cfg
                0x00000798      0x108 .\CortexM3\ARM_GCC_484\Debug\Filter_ADC_VDAC01.a(cyfitter_cfg.o)
                0x00000798                cyfitter_cfg
 .text.DMA_DmaInitialize
                0x000008a0       0x60 .\CortexM3\ARM_GCC_484\Debug\Filter_ADC_VDAC01.a(DMA_dma.o)
                0x000008a0                DMA_DmaInitialize
 .text.ADC_DelSig_Init
                0x00000900      0x11c .\CortexM3\ARM_GCC_484\Debug\Filter_ADC_VDAC01.a(ADC_DelSig.o)
                0x00000900                ADC_DelSig_Init
 .text.ADC_DelSig_Enable
                0x00000a1c      0x158 .\CortexM3\ARM_GCC_484\Debug\Filter_ADC_VDAC01.a(ADC_DelSig.o)
                0x00000a1c                ADC_DelSig_Enable
 .text.ADC_DelSig_Start
                0x00000b74       0x30 .\CortexM3\ARM_GCC_484\Debug\Filter_ADC_VDAC01.a(ADC_DelSig.o)
                0x00000b74                ADC_DelSig_Start
 .text.ADC_DelSig_StartConvert
                0x00000ba4       0x20 .\CortexM3\ARM_GCC_484\Debug\Filter_ADC_VDAC01.a(ADC_DelSig.o)
                0x00000ba4                ADC_DelSig_StartConvert
 .text.ADC_DelSig_InitConfig
                0x00000bc4      0x15c .\CortexM3\ARM_GCC_484\Debug\Filter_ADC_VDAC01.a(ADC_DelSig.o)
 .text.ADC_DelSig_GainCompensation
                0x00000d20      0x15c .\CortexM3\ARM_GCC_484\Debug\Filter_ADC_VDAC01.a(ADC_DelSig.o)
 .text.ADC_DelSig_SetDSMRef0Reg
                0x00000e7c       0x78 .\CortexM3\ARM_GCC_484\Debug\Filter_ADC_VDAC01.a(ADC_DelSig.o)
 .text.ADC_DelSig_ISR1
                0x00000ef4        0xc .\CortexM3\ARM_GCC_484\Debug\Filter_ADC_VDAC01.a(ADC_DelSig_INT.o)
                0x00000ef4                ADC_DelSig_ISR1
 .text.VDAC8_Init
                0x00000f00       0x28 .\CortexM3\ARM_GCC_484\Debug\Filter_ADC_VDAC01.a(VDAC8.o)
                0x00000f00                VDAC8_Init
 .text.VDAC8_Enable
                0x00000f28       0x34 .\CortexM3\ARM_GCC_484\Debug\Filter_ADC_VDAC01.a(VDAC8.o)
                0x00000f28                VDAC8_Enable
 .text.VDAC8_Start
                0x00000f5c       0x28 .\CortexM3\ARM_GCC_484\Debug\Filter_ADC_VDAC01.a(VDAC8.o)
                0x00000f5c                VDAC8_Start
 .text.VDAC8_SetSpeed
                0x00000f84       0x40 .\CortexM3\ARM_GCC_484\Debug\Filter_ADC_VDAC01.a(VDAC8.o)
                0x00000f84                VDAC8_SetSpeed
 .text.VDAC8_SetRange
                0x00000fc4       0x40 .\CortexM3\ARM_GCC_484\Debug\Filter_ADC_VDAC01.a(VDAC8.o)
                0x00000fc4                VDAC8_SetRange
 .text.VDAC8_SetValue
                0x00001004       0x20 .\CortexM3\ARM_GCC_484\Debug\Filter_ADC_VDAC01.a(VDAC8.o)
                0x00001004                VDAC8_SetValue
 .text.VDAC8_DacTrim
                0x00001024       0x3c .\CortexM3\ARM_GCC_484\Debug\Filter_ADC_VDAC01.a(VDAC8.o)
                0x00001024                VDAC8_DacTrim
 .text.Filter_Init
                0x00001060      0x11c .\CortexM3\ARM_GCC_484\Debug\Filter_ADC_VDAC01.a(Filter.o)
                0x00001060                Filter_Init
 .text.Filter_Enable
                0x0000117c       0x48 .\CortexM3\ARM_GCC_484\Debug\Filter_ADC_VDAC01.a(Filter.o)
                0x0000117c                Filter_Enable
 .text.Filter_Start
                0x000011c4       0x20 .\CortexM3\ARM_GCC_484\Debug\Filter_ADC_VDAC01.a(Filter.o)
                0x000011c4                Filter_Start
 .text.Filter_SetInterruptMode
                0x000011e4       0x28 .\CortexM3\ARM_GCC_484\Debug\Filter_ADC_VDAC01.a(Filter_PVT.o)
                0x000011e4                Filter_SetInterruptMode
 .text.Filter_SetDMAMode
                0x0000120c       0x28 .\CortexM3\ARM_GCC_484\Debug\Filter_ADC_VDAC01.a(Filter_PVT.o)
                0x0000120c                Filter_SetDMAMode
 .text.ADC_DelSig_Ext_CP_Clk_SetDividerRegister
                0x00001234      0x15c .\CortexM3\ARM_GCC_484\Debug\Filter_ADC_VDAC01.a(ADC_DelSig_Ext_CP_Clk.o)
                0x00001234                ADC_DelSig_Ext_CP_Clk_SetDividerRegister
 .text.ADC_DelSig_Ext_CP_Clk_GetDividerRegister
                0x00001390       0x18 .\CortexM3\ARM_GCC_484\Debug\Filter_ADC_VDAC01.a(ADC_DelSig_Ext_CP_Clk.o)
                0x00001390                ADC_DelSig_Ext_CP_Clk_GetDividerRegister
 .text.ADC_DelSig_Ext_CP_Clk_SetModeRegister
                0x000013a8       0x34 .\CortexM3\ARM_GCC_484\Debug\Filter_ADC_VDAC01.a(ADC_DelSig_Ext_CP_Clk.o)
                0x000013a8                ADC_DelSig_Ext_CP_Clk_SetModeRegister
 .text.ADC_DelSig_Ext_CP_Clk_GetSourceRegister
                0x000013dc       0x20 .\CortexM3\ARM_GCC_484\Debug\Filter_ADC_VDAC01.a(ADC_DelSig_Ext_CP_Clk.o)
                0x000013dc                ADC_DelSig_Ext_CP_Clk_GetSourceRegister
 .text.ADC_DelSig_IRQ_Start
                0x000013fc       0x20 .\CortexM3\ARM_GCC_484\Debug\Filter_ADC_VDAC01.a(ADC_DelSig_IRQ.o)
                0x000013fc                ADC_DelSig_IRQ_Start
 .text.ADC_DelSig_IRQ_Interrupt
                0x0000141c        0xc .\CortexM3\ARM_GCC_484\Debug\Filter_ADC_VDAC01.a(ADC_DelSig_IRQ.o)
                0x0000141c                ADC_DelSig_IRQ_Interrupt
 .text.ADC_DelSig_IRQ_SetVector
                0x00001428       0x24 .\CortexM3\ARM_GCC_484\Debug\Filter_ADC_VDAC01.a(ADC_DelSig_IRQ.o)
                0x00001428                ADC_DelSig_IRQ_SetVector
 .text.ADC_DelSig_IRQ_SetPriority
                0x0000144c       0x24 .\CortexM3\ARM_GCC_484\Debug\Filter_ADC_VDAC01.a(ADC_DelSig_IRQ.o)
                0x0000144c                ADC_DelSig_IRQ_SetPriority
 .text.ADC_DelSig_IRQ_Enable
                0x00001470       0x18 .\CortexM3\ARM_GCC_484\Debug\Filter_ADC_VDAC01.a(ADC_DelSig_IRQ.o)
                0x00001470                ADC_DelSig_IRQ_Enable
 .text.ADC_DelSig_IRQ_Disable
                0x00001488       0x18 .\CortexM3\ARM_GCC_484\Debug\Filter_ADC_VDAC01.a(ADC_DelSig_IRQ.o)
                0x00001488                ADC_DelSig_IRQ_Disable
 .text.ADC_DelSig_theACLK_SetDividerRegister
                0x000014a0      0x15c .\CortexM3\ARM_GCC_484\Debug\Filter_ADC_VDAC01.a(ADC_DelSig_theACLK.o)
                0x000014a0                ADC_DelSig_theACLK_SetDividerRegister
 .text.ADC_DelSig_theACLK_GetDividerRegister
                0x000015fc       0x18 .\CortexM3\ARM_GCC_484\Debug\Filter_ADC_VDAC01.a(ADC_DelSig_theACLK.o)
                0x000015fc                ADC_DelSig_theACLK_GetDividerRegister
 .text.ADC_DelSig_theACLK_SetModeRegister
                0x00001614       0x34 .\CortexM3\ARM_GCC_484\Debug\Filter_ADC_VDAC01.a(ADC_DelSig_theACLK.o)
                0x00001614                ADC_DelSig_theACLK_SetModeRegister
 .text.ADC_DelSig_theACLK_GetSourceRegister
                0x00001648       0x20 .\CortexM3\ARM_GCC_484\Debug\Filter_ADC_VDAC01.a(ADC_DelSig_theACLK.o)
                0x00001648                ADC_DelSig_theACLK_GetSourceRegister
 .text          0x00001668       0x28 .\CortexM3\ARM_GCC_484\Debug\Filter_ADC_VDAC01.a(CyBootAsmGnu.o)
                0x00001668                CyDelayCycles
                0x0000167c                CyEnterCriticalSection
                0x00001684                CyExitCriticalSection
 .text.CyDmacConfigure
                0x00001690       0x5c .\CortexM3\ARM_GCC_484\Debug\Filter_ADC_VDAC01.a(CyDmac.o)
                0x00001690                CyDmacConfigure
 .text.CyDmaChEnable
                0x000016ec       0x8c .\CortexM3\ARM_GCC_484\Debug\Filter_ADC_VDAC01.a(CyDmac.o)
                0x000016ec                CyDmaChEnable
 .text.CyDmaChPriority
                0x00001778       0x5c .\CortexM3\ARM_GCC_484\Debug\Filter_ADC_VDAC01.a(CyDmac.o)
                0x00001778                CyDmaChPriority
 .text.CyDmaChSetExtendedAddress
                0x000017d4       0x7c .\CortexM3\ARM_GCC_484\Debug\Filter_ADC_VDAC01.a(CyDmac.o)
                0x000017d4                CyDmaChSetExtendedAddress
 .text.CyDmaChSetInitialTd
                0x00001850       0x3c .\CortexM3\ARM_GCC_484\Debug\Filter_ADC_VDAC01.a(CyDmac.o)
                0x00001850                CyDmaChSetInitialTd
 .text.CyDmaChSetConfiguration
                0x0000188c       0x90 .\CortexM3\ARM_GCC_484\Debug\Filter_ADC_VDAC01.a(CyDmac.o)
                0x0000188c                CyDmaChSetConfiguration
 .text.CyDmaTdAllocate
                0x0000191c       0x5c .\CortexM3\ARM_GCC_484\Debug\Filter_ADC_VDAC01.a(CyDmac.o)
                0x0000191c                CyDmaTdAllocate
 .text.CyDmaTdSetConfiguration
                0x00001978       0x70 .\CortexM3\ARM_GCC_484\Debug\Filter_ADC_VDAC01.a(CyDmac.o)
                0x00001978                CyDmaTdSetConfiguration
 .text.CyDmaTdSetAddress
                0x000019e8       0x5c .\CortexM3\ARM_GCC_484\Debug\Filter_ADC_VDAC01.a(CyDmac.o)
                0x000019e8                CyDmaTdSetAddress
 .text.CyHalt   0x00001a44       0x18 .\CortexM3\ARM_GCC_484\Debug\Filter_ADC_VDAC01.a(CyLib.o)
                0x00001a44                CyHalt
 .text.CyDelayUs
                0x00001a5c       0x24 .\CortexM3\ARM_GCC_484\Debug\Filter_ADC_VDAC01.a(CyLib.o)
                0x00001a5c                CyDelayUs
 .text.CyIntSetVector
                0x00001a80       0x50 .\CortexM3\ARM_GCC_484\Debug\Filter_ADC_VDAC01.a(CyLib.o)
                0x00001a80                CyIntSetVector
 .text.CyIntSetPriority
                0x00001ad0       0x44 .\CortexM3\ARM_GCC_484\Debug\Filter_ADC_VDAC01.a(CyLib.o)
                0x00001ad0                CyIntSetPriority
 .text.DMA_2_DmaInitialize
                0x00001b14       0x60 .\CortexM3\ARM_GCC_484\Debug\Filter_ADC_VDAC01.a(DMA_2_dma.o)
                0x00001b14                DMA_2_DmaInitialize
 .text.DMA_1_DmaInitialize
                0x00001b74       0x60 .\CortexM3\ARM_GCC_484\Debug\Filter_ADC_VDAC01.a(DMA_1_dma.o)
                0x00001b74                DMA_1_DmaInitialize
 .text.__libc_init_array
                0x00001bd4       0x4c c:/program files/cypress/psoc creator/3.2/psoc creator/import/gnu/arm/4.8.4/bin/../lib/gcc/arm-none-eabi/4.8.4/../../../../arm-none-eabi/lib/armv7-m\libg_s.a(lib_a-init.o)
                0x00001bd4                __libc_init_array
 .text.memcpy   0x00001c20       0x12 c:/program files/cypress/psoc creator/3.2/psoc creator/import/gnu/arm/4.8.4/bin/../lib/gcc/arm-none-eabi/4.8.4/../../../../arm-none-eabi/lib/armv7-m\libg_s.a(lib_a-memcpy-stub.o)
                0x00001c20                memcpy
 .text.memset   0x00001c32       0x10 c:/program files/cypress/psoc creator/3.2/psoc creator/import/gnu/arm/4.8.4/bin/../lib/gcc/arm-none-eabi/4.8.4/../../../../arm-none-eabi/lib/armv7-m\libg_s.a(lib_a-memset.o)
                0x00001c32                memset
 *(.plt)
 *(.gnu.warning)
 *(.glue_7t)
 .glue_7t       0x00000000        0x0 linker stubs
 *(.glue_7)
 .glue_7        0x00000000        0x0 linker stubs
 *(.vfp11_veneer)
 .vfp11_veneer  0x00000000        0x0 linker stubs
 *(.bootloader)
 *(.ARM.extab* .gnu.linkonce.armextab.*)
 *(.gcc_except_table)

.v4_bx          0x00001c44        0x0
 .v4_bx         0x00000000        0x0 linker stubs

.iplt           0x00001c44        0x0
 .iplt          0x00000000        0x0 c:/program files/cypress/psoc creator/3.2/psoc creator/import/gnu/arm/4.8.4/bin/../lib/gcc/arm-none-eabi/4.8.4/armv7-m/crtbegin.o

.eh_frame_hdr
 *(.eh_frame_hdr)

.eh_frame       0x00001c44        0x4
 *(.eh_frame)
 .eh_frame      0x00001c44        0x0 c:/program files/cypress/psoc creator/3.2/psoc creator/import/gnu/arm/4.8.4/bin/../lib/gcc/arm-none-eabi/4.8.4/armv7-m/crtbegin.o
 .eh_frame      0x00001c44        0x4 c:/program files/cypress/psoc creator/3.2/psoc creator/import/gnu/arm/4.8.4/bin/../lib/gcc/arm-none-eabi/4.8.4/armv7-m/crtend.o
                0x00001c48                PROVIDE (__exidx_start, .)

.ARM.exidx
 *(.ARM.exidx* .gnu.linkonce.armexidx.*)
                0x00001c48                __exidx_end = .

.rodata         0x00001c48      0x720
 *(.rodata .rodata.* .gnu.linkonce.r.*)
 .rodata        0x00001c48       0xa8 .\CortexM3\ARM_GCC_484\Debug\Filter_ADC_VDAC01.a(cyfitter_cfg.o)
 .rodata        0x00001cf0      0x640 .\CortexM3\ARM_GCC_484\Debug\Filter_ADC_VDAC01.a(Filter_RAM_Data.o)
                0x00001cf0                Filter_control
                0x00001df0                Filter_data_a
                0x00001ff0                Filter_data_b
                0x000021f0                Filter_acu
                0x00002230                Filter_cfsm
                0x00002330                . = ALIGN (0x4)
 *(.init)
 .init          0x00002330        0x4 c:/program files/cypress/psoc creator/3.2/psoc creator/import/gnu/arm/4.8.4/bin/../lib/gcc/arm-none-eabi/4.8.4/armv7-m/crti.o
                0x00002330                _init
 .init          0x00002334        0x8 c:/program files/cypress/psoc creator/3.2/psoc creator/import/gnu/arm/4.8.4/bin/../lib/gcc/arm-none-eabi/4.8.4/armv7-m/crtn.o
                0x0000233c                . = ALIGN (0x4)
                0x0000233c                __preinit_array_start = .
 *(.preinit_array)
                0x0000233c                __preinit_array_end = .
                0x0000233c                . = ALIGN (0x4)
                0x0000233c                __init_array_start = .
 *(SORT(.init_array.*))
 *(.init_array)
 .init_array    0x0000233c        0x4 c:/program files/cypress/psoc creator/3.2/psoc creator/import/gnu/arm/4.8.4/bin/../lib/gcc/arm-none-eabi/4.8.4/armv7-m/crtbegin.o
 .init_array    0x00002340        0x4 .\CortexM3\ARM_GCC_484\Debug\Cm3Start.o
                0x00002344                __init_array_end = .
                0x00002344                . = ALIGN (0x4)
 *(.fini)
 .fini          0x00002344        0x4 c:/program files/cypress/psoc creator/3.2/psoc creator/import/gnu/arm/4.8.4/bin/../lib/gcc/arm-none-eabi/4.8.4/armv7-m/crti.o
                0x00002344                _fini
 .fini          0x00002348        0x8 c:/program files/cypress/psoc creator/3.2/psoc creator/import/gnu/arm/4.8.4/bin/../lib/gcc/arm-none-eabi/4.8.4/armv7-m/crtn.o
                0x00002350                . = ALIGN (0x4)
                0x00002350                __fini_array_start = .
 *(.fini_array)
 .fini_array    0x00002350        0x4 c:/program files/cypress/psoc creator/3.2/psoc creator/import/gnu/arm/4.8.4/bin/../lib/gcc/arm-none-eabi/4.8.4/armv7-m/crtbegin.o
 *(SORT(.fini_array.*))
                0x00002354                __fini_array_end = .
                0x00002354                . = ALIGN (0x4)
 *crtbegin.o(.ctors)
 *(EXCLUDE_FILE(*crtend.o) .ctors)
 *(SORT(.ctors.*))
 *crtend.o(.ctors)
                0x00002354                . = ALIGN (0x4)
 *crtbegin.o(.dtors)
 *(EXCLUDE_FILE(*crtend.o) .dtors)
 *(SORT(.dtors.*))
 *crtend.o(.dtors)
                0x00002354                . = ALIGN (0x4)
                0x00002354                __cy_regions = .
                0x00002354        0x4 LONG 0x2368 __cy_region_init_ram
                0x00002358        0x4 LONG 0x1fff8108 __cy_region_start_data
                0x0000235c        0x4 LONG 0x28 __cy_region_init_size_ram
                0x00002360        0x4 LONG 0x1040 __cy_region_zero_size_ram
                0x00002364                __cy_regions_end = .
                0x00002368                . = ALIGN (0x8)
 *fill*         0x00002364        0x4 
                0x00002368                _etext = .

.ramvectors     0x1fff8000      0x100
                0x1fff8000                __cy_region_start_ram = .
 *(.ramvectors)
 .ramvectors    0x1fff8000      0x100 .\CortexM3\ARM_GCC_484\Debug\Cm3Start.o
                0x1fff8000                CyRamVectors

.noinit         0x1fff8100        0x5
 *(.noinit)
 .noinit        0x1fff8100        0x4 .\CortexM3\ARM_GCC_484\Debug\Cm3Start.o
 .noinit        0x1fff8104        0x1 .\CortexM3\ARM_GCC_484\Debug\Filter_ADC_VDAC01.a(CyLib.o)
                0x1fff8104                CyResetStatus

.data           0x1fff8108       0x28 load address 0x00002368
                0x1fff8108                __cy_region_start_data = .
 *(.jcr)
 .jcr           0x1fff8108        0x0 c:/program files/cypress/psoc creator/3.2/psoc creator/import/gnu/arm/4.8.4/bin/../lib/gcc/arm-none-eabi/4.8.4/armv7-m/crtbegin.o
 .jcr           0x1fff8108        0x4 c:/program files/cypress/psoc creator/3.2/psoc creator/import/gnu/arm/4.8.4/bin/../lib/gcc/arm-none-eabi/4.8.4/armv7-m/crtend.o
 *(.got.plt)
 *(.got)
 *(.shdata)
 *(.data .data.* .gnu.linkonce.d.*)
 .data          0x1fff810c        0x1 .\CortexM3\ARM_GCC_484\Debug\Filter_ADC_VDAC01.a(DMA_dma.o)
                0x1fff810c                DMA_DmaHandle
 .data          0x1fff810d        0x1 .\CortexM3\ARM_GCC_484\Debug\Filter_ADC_VDAC01.a(ADC_DelSig.o)
                0x1fff810d                ADC_DelSig_Config
 *fill*         0x1fff810e        0x2 
 .data          0x1fff8110        0x8 .\CortexM3\ARM_GCC_484\Debug\Filter_ADC_VDAC01.a(CyDmac.o)
 .data          0x1fff8118       0x10 .\CortexM3\ARM_GCC_484\Debug\Filter_ADC_VDAC01.a(CyLib.o)
                0x1fff8118                cydelay_freq_hz
                0x1fff811c                cydelay_freq_khz
                0x1fff8120                cydelay_freq_mhz
                0x1fff8124                cydelay_32k_ms
 .data          0x1fff8128        0x1 .\CortexM3\ARM_GCC_484\Debug\Filter_ADC_VDAC01.a(DMA_2_dma.o)
                0x1fff8128                DMA_2_DmaHandle
 .data          0x1fff8129        0x1 .\CortexM3\ARM_GCC_484\Debug\Filter_ADC_VDAC01.a(DMA_1_dma.o)
                0x1fff8129                DMA_1_DmaHandle
                0x1fff8130                . = ALIGN (0x8)
 *fill*         0x1fff812a        0x6 
 *(.ram)
                0x1fff8130                _edata = .

.igot.plt       0x1fff8130        0x0 load address 0x00002390
 .igot.plt      0x00000000        0x0 c:/program files/cypress/psoc creator/3.2/psoc creator/import/gnu/arm/4.8.4/bin/../lib/gcc/arm-none-eabi/4.8.4/armv7-m/crtbegin.o

.bss            0x1fff8130     0x1040 load address 0x00002390
                0x1fff8130                PROVIDE (__bss_start__, .)
 *(.shbss)
 *(.bss .bss.* .gnu.linkonce.b.*)
 .bss           0x1fff8130       0x1c c:/program files/cypress/psoc creator/3.2/psoc creator/import/gnu/arm/4.8.4/bin/../lib/gcc/arm-none-eabi/4.8.4/armv7-m/crtbegin.o
 *fill*         0x1fff814c        0x4 
 .bss           0x1fff8150        0x8 .\CortexM3\ARM_GCC_484\Debug\Filter_ADC_VDAC01.a(cyfitter_cfg.o)
 .bss           0x1fff8158        0x8 .\CortexM3\ARM_GCC_484\Debug\Filter_ADC_VDAC01.a(ADC_DelSig.o)
                0x1fff8158                ADC_DelSig_convDone
                0x1fff8159                ADC_DelSig_stopConversion
                0x1fff815a                ADC_DelSig_initVar
                0x1fff815b                ADC_DelSig_started
 .bss           0x1fff8160        0x1 .\CortexM3\ARM_GCC_484\Debug\Filter_ADC_VDAC01.a(VDAC8.o)
                0x1fff8160                VDAC8_initVar
 .bss           0x1fff8161        0x1 .\CortexM3\ARM_GCC_484\Debug\Filter_ADC_VDAC01.a(Filter.o)
                0x1fff8161                Filter_initVar
 *(COMMON)
 *fill*         0x1fff8162        0x2 
 COMMON         0x1fff8164     0x1000 .\CortexM3\ARM_GCC_484\Debug\main.o
                0x1fff8164                buffer
 COMMON         0x1fff9164        0x8 .\CortexM3\ARM_GCC_484\Debug\Filter_ADC_VDAC01.a(ADC_DelSig.o)
                0x1fff9164                ADC_DelSig_CountsPerVolt
                0x1fff9168                ADC_DelSig_Offset
                0x1fff9170                . = ALIGN (0x8)
 *fill*         0x1fff916c        0x4 
 *(.ram.b)
                0x1fff9170                _end = .
                0x1fff9170                __end = .
                0x1fff9170                PROVIDE (end, .)
                0x1fff9170                PROVIDE (__bss_end__, .)
                0x00002368                __cy_region_init_ram = LOADADDR (.data)
                0x00000028                __cy_region_init_size_ram = (_edata - ADDR (.data))
                0x00001040                __cy_region_zero_size_ram = (_end - _edata)

.heap           0x1fff9170       0x80 load address 0x00002390
                0x1fff9170                . = _end
                0x1fff91f0                . = (. + 0x80)
 *fill*         0x1fff9170       0x80 
                0x1fff91f0                __cy_heap_limit = .

.stack          0x20007800      0x800
                0x20007800                __cy_stack_limit = .
                0x20008000                . = (. + 0x800)
 *fill*         0x20007800      0x800 
                0x00000001                ASSERT ((__cy_stack_limit >= __cy_heap_limit), region RAM overflowed with stack)

.cyloadermeta
 *(.cyloadermeta)

.cyloadablemeta
 *(.cyloadablemeta)

.cyconfigecc    0x80000000      0xa1c
 *(.cyconfigecc)
 .cyconfigecc   0x80000000      0xa1c .\CortexM3\ARM_GCC_484\Debug\cymetadata.o
                0x80000000                cy_meta_configecc

.cycustnvl      0x90000000        0x4
 *(.cycustnvl)
 .cycustnvl     0x90000000        0x4 .\CortexM3\ARM_GCC_484\Debug\cymetadata.o
                0x90000000                cy_meta_custnvl

.cywolatch      0x90100000        0x4
 *(.cywolatch)
 .cywolatch     0x90100000        0x4 .\CortexM3\ARM_GCC_484\Debug\cymetadata.o
                0x90100000                cy_meta_wonvl

.cyeeprom       0x90200000        0x0
 *(.cyeeprom)
                0x00000001                ASSERT ((. <= ((0x90200000 + ee_offset) + ee_size)), .cyeeprom data will not fit in EEPROM)

.cyflashprotect
                0x90400000      0x100
 *(.cyflashprotect)
 .cyflashprotect
                0x90400000      0x100 .\CortexM3\ARM_GCC_484\Debug\cymetadata.o
                0x90400000                cy_meta_flashprotect

.cymeta         0x90500000        0xc
 *(.cymeta)
 .cymeta        0x90500000        0xc .\CortexM3\ARM_GCC_484\Debug\cymetadata.o
                0x90500000                cy_metadata

.rel.dyn        0x00002390        0x0 load address 0x9050000c
 .rel.iplt      0x00000000        0x0 c:/program files/cypress/psoc creator/3.2/psoc creator/import/gnu/arm/4.8.4/bin/../lib/gcc/arm-none-eabi/4.8.4/armv7-m/crtbegin.o

.stab
 *(.stab)

.stabstr
 *(.stabstr)

.debug
 *(.debug)

.line
 *(.line)

.debug_srcinfo
 *(.debug_srcinfo)

.debug_sfnames
 *(.debug_sfnames)

.debug_aranges  0x00000000      0xa28
 *(.debug_aranges)
 .debug_aranges
                0x00000000       0x28 .\CortexM3\ARM_GCC_484\Debug\main.o
 .debug_aranges
                0x00000028       0x18 .\CortexM3\ARM_GCC_484\Debug\cymetadata.o
 .debug_aranges
                0x00000040       0x48 .\CortexM3\ARM_GCC_484\Debug\Cm3Start.o
 .debug_aranges
                0x00000088       0x60 .\CortexM3\ARM_GCC_484\Debug\Filter_ADC_VDAC01.a(cyfitter_cfg.o)
 .debug_aranges
                0x000000e8       0x28 .\CortexM3\ARM_GCC_484\Debug\Filter_ADC_VDAC01.a(DMA_dma.o)
 .debug_aranges
                0x00000110       0xe8 .\CortexM3\ARM_GCC_484\Debug\Filter_ADC_VDAC01.a(ADC_DelSig.o)
 .debug_aranges
                0x000001f8       0x38 .\CortexM3\ARM_GCC_484\Debug\Filter_ADC_VDAC01.a(ADC_DelSig_INT.o)
 .debug_aranges
                0x00000230       0x58 .\CortexM3\ARM_GCC_484\Debug\Filter_ADC_VDAC01.a(VDAC8.o)
 .debug_aranges
                0x00000288       0x80 .\CortexM3\ARM_GCC_484\Debug\Filter_ADC_VDAC01.a(Filter.o)
 .debug_aranges
                0x00000308       0x28 .\CortexM3\ARM_GCC_484\Debug\Filter_ADC_VDAC01.a(Filter_PVT.o)
 .debug_aranges
                0x00000330       0x18 .\CortexM3\ARM_GCC_484\Debug\Filter_ADC_VDAC01.a(Filter_RAM_Data.o)
 .debug_aranges
                0x00000348       0x70 .\CortexM3\ARM_GCC_484\Debug\Filter_ADC_VDAC01.a(ADC_DelSig_Ext_CP_Clk.o)
 .debug_aranges
                0x000003b8       0x80 .\CortexM3\ARM_GCC_484\Debug\Filter_ADC_VDAC01.a(ADC_DelSig_IRQ.o)
 .debug_aranges
                0x00000438       0x80 .\CortexM3\ARM_GCC_484\Debug\Filter_ADC_VDAC01.a(ADC_DelSig_theACLK.o)
 .debug_aranges
                0x000004b8       0x20 .\CortexM3\ARM_GCC_484\Debug\Filter_ADC_VDAC01.a(CyBootAsmGnu.o)
 .debug_aranges
                0x000004d8       0xd8 .\CortexM3\ARM_GCC_484\Debug\Filter_ADC_VDAC01.a(CyDmac.o)
 .debug_aranges
                0x000005b0      0x298 .\CortexM3\ARM_GCC_484\Debug\Filter_ADC_VDAC01.a(CyLib.o)
 .debug_aranges
                0x00000848       0x98 .\CortexM3\ARM_GCC_484\Debug\Filter_ADC_VDAC01.a(cyPm.o)
 .debug_aranges
                0x000008e0       0x28 .\CortexM3\ARM_GCC_484\Debug\Filter_ADC_VDAC01.a(DMA_2_dma.o)
 .debug_aranges
                0x00000908       0x28 .\CortexM3\ARM_GCC_484\Debug\Filter_ADC_VDAC01.a(DMA_1_dma.o)
 .debug_aranges
                0x00000930       0x80 .\CortexM3\ARM_GCC_484\Debug\Filter_ADC_VDAC01.a(CyFlash.o)
 .debug_aranges
                0x000009b0       0x78 .\CortexM3\ARM_GCC_484\Debug\Filter_ADC_VDAC01.a(CySpc.o)

.debug_pubnames
 *(.debug_pubnames)

.debug_info     0x00000000     0x47ac
 *(.debug_info .gnu.linkonce.wi.*)
 .debug_info    0x00000000      0x192 .\CortexM3\ARM_GCC_484\Debug\main.o
 .debug_info    0x00000192      0x13e .\CortexM3\ARM_GCC_484\Debug\cymetadata.o
 .debug_info    0x000002d0      0x317 .\CortexM3\ARM_GCC_484\Debug\Cm3Start.o
 .debug_info    0x000005e7      0x393 .\CortexM3\ARM_GCC_484\Debug\Filter_ADC_VDAC01.a(cyfitter_cfg.o)
 .debug_info    0x0000097a      0x112 .\CortexM3\ARM_GCC_484\Debug\Filter_ADC_VDAC01.a(DMA_dma.o)
 .debug_info    0x00000a8c      0x71e .\CortexM3\ARM_GCC_484\Debug\Filter_ADC_VDAC01.a(ADC_DelSig.o)
 .debug_info    0x000011aa       0xcc .\CortexM3\ARM_GCC_484\Debug\Filter_ADC_VDAC01.a(ADC_DelSig_INT.o)
 .debug_info    0x00001276      0x184 .\CortexM3\ARM_GCC_484\Debug\Filter_ADC_VDAC01.a(VDAC8.o)
 .debug_info    0x000013fa      0x3a7 .\CortexM3\ARM_GCC_484\Debug\Filter_ADC_VDAC01.a(Filter.o)
 .debug_info    0x000017a1       0xe8 .\CortexM3\ARM_GCC_484\Debug\Filter_ADC_VDAC01.a(Filter_PVT.o)
 .debug_info    0x00001889      0x12a .\CortexM3\ARM_GCC_484\Debug\Filter_ADC_VDAC01.a(Filter_RAM_Data.o)
 .debug_info    0x000019b3      0x25b .\CortexM3\ARM_GCC_484\Debug\Filter_ADC_VDAC01.a(ADC_DelSig_Ext_CP_Clk.o)
 .debug_info    0x00001c0e      0x236 .\CortexM3\ARM_GCC_484\Debug\Filter_ADC_VDAC01.a(ADC_DelSig_IRQ.o)
 .debug_info    0x00001e44      0x297 .\CortexM3\ARM_GCC_484\Debug\Filter_ADC_VDAC01.a(ADC_DelSig_theACLK.o)
 .debug_info    0x000020db       0xac .\CortexM3\ARM_GCC_484\Debug\Filter_ADC_VDAC01.a(CyBootAsmGnu.o)
 .debug_info    0x00002187      0x8b1 .\CortexM3\ARM_GCC_484\Debug\Filter_ADC_VDAC01.a(CyDmac.o)
 .debug_info    0x00002a38      0xe31 .\CortexM3\ARM_GCC_484\Debug\Filter_ADC_VDAC01.a(CyLib.o)
 .debug_info    0x00003869      0x55f .\CortexM3\ARM_GCC_484\Debug\Filter_ADC_VDAC01.a(cyPm.o)
 .debug_info    0x00003dc8      0x112 .\CortexM3\ARM_GCC_484\Debug\Filter_ADC_VDAC01.a(DMA_2_dma.o)
 .debug_info    0x00003eda      0x112 .\CortexM3\ARM_GCC_484\Debug\Filter_ADC_VDAC01.a(DMA_1_dma.o)
 .debug_info    0x00003fec      0x36a .\CortexM3\ARM_GCC_484\Debug\Filter_ADC_VDAC01.a(CyFlash.o)
 .debug_info    0x00004356      0x456 .\CortexM3\ARM_GCC_484\Debug\Filter_ADC_VDAC01.a(CySpc.o)

.debug_abbrev   0x00000000     0x16da
 *(.debug_abbrev)
 .debug_abbrev  0x00000000       0xc9 .\CortexM3\ARM_GCC_484\Debug\main.o
 .debug_abbrev  0x000000c9       0x77 .\CortexM3\ARM_GCC_484\Debug\cymetadata.o
 .debug_abbrev  0x00000140      0x1b6 .\CortexM3\ARM_GCC_484\Debug\Cm3Start.o
 .debug_abbrev  0x000002f6      0x192 .\CortexM3\ARM_GCC_484\Debug\Filter_ADC_VDAC01.a(cyfitter_cfg.o)
 .debug_abbrev  0x00000488       0x8b .\CortexM3\ARM_GCC_484\Debug\Filter_ADC_VDAC01.a(DMA_dma.o)
 .debug_abbrev  0x00000513      0x19d .\CortexM3\ARM_GCC_484\Debug\Filter_ADC_VDAC01.a(ADC_DelSig.o)
 .debug_abbrev  0x000006b0       0x42 .\CortexM3\ARM_GCC_484\Debug\Filter_ADC_VDAC01.a(ADC_DelSig_INT.o)
 .debug_abbrev  0x000006f2       0xf8 .\CortexM3\ARM_GCC_484\Debug\Filter_ADC_VDAC01.a(VDAC8.o)
 .debug_abbrev  0x000007ea      0x16b .\CortexM3\ARM_GCC_484\Debug\Filter_ADC_VDAC01.a(Filter.o)
 .debug_abbrev  0x00000955       0x8c .\CortexM3\ARM_GCC_484\Debug\Filter_ADC_VDAC01.a(Filter_PVT.o)
 .debug_abbrev  0x000009e1       0x66 .\CortexM3\ARM_GCC_484\Debug\Filter_ADC_VDAC01.a(Filter_RAM_Data.o)
 .debug_abbrev  0x00000a47      0x12a .\CortexM3\ARM_GCC_484\Debug\Filter_ADC_VDAC01.a(ADC_DelSig_Ext_CP_Clk.o)
 .debug_abbrev  0x00000b71      0x156 .\CortexM3\ARM_GCC_484\Debug\Filter_ADC_VDAC01.a(ADC_DelSig_IRQ.o)
 .debug_abbrev  0x00000cc7      0x12a .\CortexM3\ARM_GCC_484\Debug\Filter_ADC_VDAC01.a(ADC_DelSig_theACLK.o)
 .debug_abbrev  0x00000df1       0x14 .\CortexM3\ARM_GCC_484\Debug\Filter_ADC_VDAC01.a(CyBootAsmGnu.o)
 .debug_abbrev  0x00000e05      0x194 .\CortexM3\ARM_GCC_484\Debug\Filter_ADC_VDAC01.a(CyDmac.o)
 .debug_abbrev  0x00000f99      0x217 .\CortexM3\ARM_GCC_484\Debug\Filter_ADC_VDAC01.a(CyLib.o)
 .debug_abbrev  0x000011b0      0x16e .\CortexM3\ARM_GCC_484\Debug\Filter_ADC_VDAC01.a(cyPm.o)
 .debug_abbrev  0x0000131e       0x8b .\CortexM3\ARM_GCC_484\Debug\Filter_ADC_VDAC01.a(DMA_2_dma.o)
 .debug_abbrev  0x000013a9       0x8b .\CortexM3\ARM_GCC_484\Debug\Filter_ADC_VDAC01.a(DMA_1_dma.o)
 .debug_abbrev  0x00001434      0x12d .\CortexM3\ARM_GCC_484\Debug\Filter_ADC_VDAC01.a(CyFlash.o)
 .debug_abbrev  0x00001561      0x179 .\CortexM3\ARM_GCC_484\Debug\Filter_ADC_VDAC01.a(CySpc.o)

.debug_line     0x00000000     0x26da
 *(.debug_line)
 .debug_line    0x00000000      0x18a .\CortexM3\ARM_GCC_484\Debug\main.o
 .debug_line    0x0000018a       0x53 .\CortexM3\ARM_GCC_484\Debug\cymetadata.o
 .debug_line    0x000001dd      0x1c5 .\CortexM3\ARM_GCC_484\Debug\Cm3Start.o
 .debug_line    0x000003a2      0x214 .\CortexM3\ARM_GCC_484\Debug\Filter_ADC_VDAC01.a(cyfitter_cfg.o)
 .debug_line    0x000005b6       0x8f .\CortexM3\ARM_GCC_484\Debug\Filter_ADC_VDAC01.a(DMA_dma.o)
 .debug_line    0x00000645      0x367 .\CortexM3\ARM_GCC_484\Debug\Filter_ADC_VDAC01.a(ADC_DelSig.o)
 .debug_line    0x000009ac       0x95 .\CortexM3\ARM_GCC_484\Debug\Filter_ADC_VDAC01.a(ADC_DelSig_INT.o)
 .debug_line    0x00000a41       0xf0 .\CortexM3\ARM_GCC_484\Debug\Filter_ADC_VDAC01.a(VDAC8.o)
 .debug_line    0x00000b31      0x182 .\CortexM3\ARM_GCC_484\Debug\Filter_ADC_VDAC01.a(Filter.o)
 .debug_line    0x00000cb3       0x78 .\CortexM3\ARM_GCC_484\Debug\Filter_ADC_VDAC01.a(Filter_PVT.o)
 .debug_line    0x00000d2b       0x58 .\CortexM3\ARM_GCC_484\Debug\Filter_ADC_VDAC01.a(Filter_RAM_Data.o)
 .debug_line    0x00000d83      0x1c4 .\CortexM3\ARM_GCC_484\Debug\Filter_ADC_VDAC01.a(ADC_DelSig_Ext_CP_Clk.o)
 .debug_line    0x00000f47      0x170 .\CortexM3\ARM_GCC_484\Debug\Filter_ADC_VDAC01.a(ADC_DelSig_IRQ.o)
 .debug_line    0x000010b7      0x1e5 .\CortexM3\ARM_GCC_484\Debug\Filter_ADC_VDAC01.a(ADC_DelSig_theACLK.o)
 .debug_line    0x0000129c       0x68 .\CortexM3\ARM_GCC_484\Debug\Filter_ADC_VDAC01.a(CyBootAsmGnu.o)
 .debug_line    0x00001304      0x2af .\CortexM3\ARM_GCC_484\Debug\Filter_ADC_VDAC01.a(CyDmac.o)
 .debug_line    0x000015b3      0x86a .\CortexM3\ARM_GCC_484\Debug\Filter_ADC_VDAC01.a(CyLib.o)
 .debug_line    0x00001e1d      0x378 .\CortexM3\ARM_GCC_484\Debug\Filter_ADC_VDAC01.a(cyPm.o)
 .debug_line    0x00002195       0x91 .\CortexM3\ARM_GCC_484\Debug\Filter_ADC_VDAC01.a(DMA_2_dma.o)
 .debug_line    0x00002226       0x91 .\CortexM3\ARM_GCC_484\Debug\Filter_ADC_VDAC01.a(DMA_1_dma.o)
 .debug_line    0x000022b7      0x217 .\CortexM3\ARM_GCC_484\Debug\Filter_ADC_VDAC01.a(CyFlash.o)
 .debug_line    0x000024ce      0x20c .\CortexM3\ARM_GCC_484\Debug\Filter_ADC_VDAC01.a(CySpc.o)

.debug_frame    0x00000000     0x1f94
 *(.debug_frame)
 .debug_frame   0x00000000       0x4c .\CortexM3\ARM_GCC_484\Debug\main.o
 .debug_frame   0x0000004c       0xc8 .\CortexM3\ARM_GCC_484\Debug\Cm3Start.o
 .debug_frame   0x00000114      0x120 .\CortexM3\ARM_GCC_484\Debug\Filter_ADC_VDAC01.a(cyfitter_cfg.o)
 .debug_frame   0x00000234       0x4c .\CortexM3\ARM_GCC_484\Debug\Filter_ADC_VDAC01.a(DMA_dma.o)
 .debug_frame   0x00000280      0x31c .\CortexM3\ARM_GCC_484\Debug\Filter_ADC_VDAC01.a(ADC_DelSig.o)
 .debug_frame   0x0000059c       0x80 .\CortexM3\ARM_GCC_484\Debug\Filter_ADC_VDAC01.a(ADC_DelSig_INT.o)
 .debug_frame   0x0000061c       0xf4 .\CortexM3\ARM_GCC_484\Debug\Filter_ADC_VDAC01.a(VDAC8.o)
 .debug_frame   0x00000710      0x188 .\CortexM3\ARM_GCC_484\Debug\Filter_ADC_VDAC01.a(Filter.o)
 .debug_frame   0x00000898       0x48 .\CortexM3\ARM_GCC_484\Debug\Filter_ADC_VDAC01.a(Filter_PVT.o)
 .debug_frame   0x000008e0      0x14c .\CortexM3\ARM_GCC_484\Debug\Filter_ADC_VDAC01.a(ADC_DelSig_Ext_CP_Clk.o)
 .debug_frame   0x00000a2c      0x180 .\CortexM3\ARM_GCC_484\Debug\Filter_ADC_VDAC01.a(ADC_DelSig_IRQ.o)
 .debug_frame   0x00000bac      0x184 .\CortexM3\ARM_GCC_484\Debug\Filter_ADC_VDAC01.a(ADC_DelSig_theACLK.o)
 .debug_frame   0x00000d30      0x2c0 .\CortexM3\ARM_GCC_484\Debug\Filter_ADC_VDAC01.a(CyDmac.o)
 .debug_frame   0x00000ff0      0x948 .\CortexM3\ARM_GCC_484\Debug\Filter_ADC_VDAC01.a(CyLib.o)
 .debug_frame   0x00001938      0x1ec .\CortexM3\ARM_GCC_484\Debug\Filter_ADC_VDAC01.a(cyPm.o)
 .debug_frame   0x00001b24       0x4c .\CortexM3\ARM_GCC_484\Debug\Filter_ADC_VDAC01.a(DMA_2_dma.o)
 .debug_frame   0x00001b70       0x4c .\CortexM3\ARM_GCC_484\Debug\Filter_ADC_VDAC01.a(DMA_1_dma.o)
 .debug_frame   0x00001bbc      0x1a8 .\CortexM3\ARM_GCC_484\Debug\Filter_ADC_VDAC01.a(CyFlash.o)
 .debug_frame   0x00001d64      0x174 .\CortexM3\ARM_GCC_484\Debug\Filter_ADC_VDAC01.a(CySpc.o)
 .debug_frame   0x00001ed8       0x20 c:/program files/cypress/psoc creator/3.2/psoc creator/import/gnu/arm/4.8.4/bin/../lib/gcc/arm-none-eabi/4.8.4/../../../../arm-none-eabi/lib/armv7-m\libg_s.a(lib_a-errno.o)
 .debug_frame   0x00001ef8       0x28 c:/program files/cypress/psoc creator/3.2/psoc creator/import/gnu/arm/4.8.4/bin/../lib/gcc/arm-none-eabi/4.8.4/../../../../arm-none-eabi/lib/armv7-m\libg_s.a(lib_a-exit.o)
 .debug_frame   0x00001f20       0x2c c:/program files/cypress/psoc creator/3.2/psoc creator/import/gnu/arm/4.8.4/bin/../lib/gcc/arm-none-eabi/4.8.4/../../../../arm-none-eabi/lib/armv7-m\libg_s.a(lib_a-init.o)
 .debug_frame   0x00001f4c       0x28 c:/program files/cypress/psoc creator/3.2/psoc creator/import/gnu/arm/4.8.4/bin/../lib/gcc/arm-none-eabi/4.8.4/../../../../arm-none-eabi/lib/armv7-m\libg_s.a(lib_a-memcpy-stub.o)
 .debug_frame   0x00001f74       0x20 c:/program files/cypress/psoc creator/3.2/psoc creator/import/gnu/arm/4.8.4/bin/../lib/gcc/arm-none-eabi/4.8.4/../../../../arm-none-eabi/lib/armv7-m\libg_s.a(lib_a-memset.o)

.debug_str      0x00000000     0x2371
 *(.debug_str)
 .debug_str     0x00000000      0x1cc .\CortexM3\ARM_GCC_484\Debug\main.o
                                0x20d (size before relaxing)
 .debug_str     0x000001cc       0x77 .\CortexM3\ARM_GCC_484\Debug\cymetadata.o
                                0x1f4 (size before relaxing)
 .debug_str     0x00000243      0x12d .\CortexM3\ARM_GCC_484\Debug\Cm3Start.o
                                0x2d5 (size before relaxing)
 .debug_str     0x00000370      0x172 .\CortexM3\ARM_GCC_484\Debug\Filter_ADC_VDAC01.a(cyfitter_cfg.o)
                                0x30e (size before relaxing)
 .debug_str     0x000004e2       0x8d .\CortexM3\ARM_GCC_484\Debug\Filter_ADC_VDAC01.a(DMA_dma.o)
                                0x211 (size before relaxing)
 .debug_str     0x0000056f      0x405 .\CortexM3\ARM_GCC_484\Debug\Filter_ADC_VDAC01.a(ADC_DelSig.o)
                                0x5d9 (size before relaxing)
 .debug_str     0x00000974       0x6a .\CortexM3\ARM_GCC_484\Debug\Filter_ADC_VDAC01.a(ADC_DelSig_INT.o)
                                0x1e1 (size before relaxing)
 .debug_str     0x000009de       0xaa .\CortexM3\ARM_GCC_484\Debug\Filter_ADC_VDAC01.a(VDAC8.o)
                                0x229 (size before relaxing)
 .debug_str     0x00000a88      0x167 .\CortexM3\ARM_GCC_484\Debug\Filter_ADC_VDAC01.a(Filter.o)
                                0x309 (size before relaxing)
 .debug_str     0x00000bef       0x57 .\CortexM3\ARM_GCC_484\Debug\Filter_ADC_VDAC01.a(Filter_PVT.o)
                                0x1d9 (size before relaxing)
 .debug_str     0x00000c46       0x2b .\CortexM3\ARM_GCC_484\Debug\Filter_ADC_VDAC01.a(Filter_RAM_Data.o)
                                0x1ea (size before relaxing)
 .debug_str     0x00000c71      0x204 .\CortexM3\ARM_GCC_484\Debug\Filter_ADC_VDAC01.a(ADC_DelSig_Ext_CP_Clk.o)
                                0x3a0 (size before relaxing)
 .debug_str     0x00000e75      0x17e .\CortexM3\ARM_GCC_484\Debug\Filter_ADC_VDAC01.a(ADC_DelSig_IRQ.o)
                                0x322 (size before relaxing)
 .debug_str     0x00000ff3      0x1ee .\CortexM3\ARM_GCC_484\Debug\Filter_ADC_VDAC01.a(ADC_DelSig_theACLK.o)
                                0x3cd (size before relaxing)
 .debug_str     0x000011e1      0x360 .\CortexM3\ARM_GCC_484\Debug\Filter_ADC_VDAC01.a(CyDmac.o)
                                0x51b (size before relaxing)
 .debug_str     0x00001541      0x7b4 .\CortexM3\ARM_GCC_484\Debug\Filter_ADC_VDAC01.a(CyLib.o)
                                0x9d0 (size before relaxing)
 .debug_str     0x00001cf5      0x367 .\CortexM3\ARM_GCC_484\Debug\Filter_ADC_VDAC01.a(cyPm.o)
                                0x535 (size before relaxing)
 .debug_str     0x0000205c       0x5a .\CortexM3\ARM_GCC_484\Debug\Filter_ADC_VDAC01.a(DMA_2_dma.o)
                                0x219 (size before relaxing)
 .debug_str     0x000020b6       0x5a .\CortexM3\ARM_GCC_484\Debug\Filter_ADC_VDAC01.a(DMA_1_dma.o)
                                0x219 (size before relaxing)
 .debug_str     0x00002110      0x140 .\CortexM3\ARM_GCC_484\Debug\Filter_ADC_VDAC01.a(CyFlash.o)
                                0x2f4 (size before relaxing)
 .debug_str     0x00002250      0x121 .\CortexM3\ARM_GCC_484\Debug\Filter_ADC_VDAC01.a(CySpc.o)
                                0x2f1 (size before relaxing)

.debug_loc
 *(.debug_loc)

.debug_macinfo
 *(.debug_macinfo)

.debug_ranges   0x00000000      0x8a8
 *(.debug_ranges)
 .debug_ranges  0x00000000       0x18 .\CortexM3\ARM_GCC_484\Debug\main.o
 .debug_ranges  0x00000018       0x38 .\CortexM3\ARM_GCC_484\Debug\Cm3Start.o
 .debug_ranges  0x00000050       0x50 .\CortexM3\ARM_GCC_484\Debug\Filter_ADC_VDAC01.a(cyfitter_cfg.o)
 .debug_ranges  0x000000a0       0x18 .\CortexM3\ARM_GCC_484\Debug\Filter_ADC_VDAC01.a(DMA_dma.o)
 .debug_ranges  0x000000b8       0xd8 .\CortexM3\ARM_GCC_484\Debug\Filter_ADC_VDAC01.a(ADC_DelSig.o)
 .debug_ranges  0x00000190       0x28 .\CortexM3\ARM_GCC_484\Debug\Filter_ADC_VDAC01.a(ADC_DelSig_INT.o)
 .debug_ranges  0x000001b8       0x48 .\CortexM3\ARM_GCC_484\Debug\Filter_ADC_VDAC01.a(VDAC8.o)
 .debug_ranges  0x00000200       0x70 .\CortexM3\ARM_GCC_484\Debug\Filter_ADC_VDAC01.a(Filter.o)
 .debug_ranges  0x00000270       0x18 .\CortexM3\ARM_GCC_484\Debug\Filter_ADC_VDAC01.a(Filter_PVT.o)
 .debug_ranges  0x00000288       0x60 .\CortexM3\ARM_GCC_484\Debug\Filter_ADC_VDAC01.a(ADC_DelSig_Ext_CP_Clk.o)
 .debug_ranges  0x000002e8       0x70 .\CortexM3\ARM_GCC_484\Debug\Filter_ADC_VDAC01.a(ADC_DelSig_IRQ.o)
 .debug_ranges  0x00000358       0x70 .\CortexM3\ARM_GCC_484\Debug\Filter_ADC_VDAC01.a(ADC_DelSig_theACLK.o)
 .debug_ranges  0x000003c8       0xc8 .\CortexM3\ARM_GCC_484\Debug\Filter_ADC_VDAC01.a(CyDmac.o)
 .debug_ranges  0x00000490      0x288 .\CortexM3\ARM_GCC_484\Debug\Filter_ADC_VDAC01.a(CyLib.o)
 .debug_ranges  0x00000718       0x88 .\CortexM3\ARM_GCC_484\Debug\Filter_ADC_VDAC01.a(cyPm.o)
 .debug_ranges  0x000007a0       0x18 .\CortexM3\ARM_GCC_484\Debug\Filter_ADC_VDAC01.a(DMA_2_dma.o)
 .debug_ranges  0x000007b8       0x18 .\CortexM3\ARM_GCC_484\Debug\Filter_ADC_VDAC01.a(DMA_1_dma.o)
 .debug_ranges  0x000007d0       0x70 .\CortexM3\ARM_GCC_484\Debug\Filter_ADC_VDAC01.a(CyFlash.o)
 .debug_ranges  0x00000840       0x68 .\CortexM3\ARM_GCC_484\Debug\Filter_ADC_VDAC01.a(CySpc.o)

.comment        0x00000000       0x70
 .comment       0x00000000       0x70 .\CortexM3\ARM_GCC_484\Debug\main.o
                                 0x71 (size before relaxing)
 .comment       0x00000000       0x71 .\CortexM3\ARM_GCC_484\Debug\cymetadata.o
 .comment       0x00000000       0x71 .\CortexM3\ARM_GCC_484\Debug\Cm3Start.o
 .comment       0x00000000       0x71 .\CortexM3\ARM_GCC_484\Debug\Filter_ADC_VDAC01.a(cyfitter_cfg.o)
 .comment       0x00000000       0x71 .\CortexM3\ARM_GCC_484\Debug\Filter_ADC_VDAC01.a(DMA_dma.o)
 .comment       0x00000000       0x71 .\CortexM3\ARM_GCC_484\Debug\Filter_ADC_VDAC01.a(ADC_DelSig.o)
 .comment       0x00000000       0x71 .\CortexM3\ARM_GCC_484\Debug\Filter_ADC_VDAC01.a(ADC_DelSig_INT.o)
 .comment       0x00000000       0x71 .\CortexM3\ARM_GCC_484\Debug\Filter_ADC_VDAC01.a(VDAC8.o)
 .comment       0x00000000       0x71 .\CortexM3\ARM_GCC_484\Debug\Filter_ADC_VDAC01.a(Filter.o)
 .comment       0x00000000       0x71 .\CortexM3\ARM_GCC_484\Debug\Filter_ADC_VDAC01.a(Filter_PVT.o)
 .comment       0x00000000       0x71 .\CortexM3\ARM_GCC_484\Debug\Filter_ADC_VDAC01.a(Filter_RAM_Data.o)
 .comment       0x00000000       0x71 .\CortexM3\ARM_GCC_484\Debug\Filter_ADC_VDAC01.a(ADC_DelSig_Ext_CP_Clk.o)
 .comment       0x00000000       0x71 .\CortexM3\ARM_GCC_484\Debug\Filter_ADC_VDAC01.a(ADC_DelSig_IRQ.o)
 .comment       0x00000000       0x71 .\CortexM3\ARM_GCC_484\Debug\Filter_ADC_VDAC01.a(ADC_DelSig_theACLK.o)
 .comment       0x00000000       0x71 .\CortexM3\ARM_GCC_484\Debug\Filter_ADC_VDAC01.a(CyDmac.o)
 .comment       0x00000000       0x71 .\CortexM3\ARM_GCC_484\Debug\Filter_ADC_VDAC01.a(CyLib.o)
 .comment       0x00000000       0x71 .\CortexM3\ARM_GCC_484\Debug\Filter_ADC_VDAC01.a(cyPm.o)
 .comment       0x00000000       0x71 .\CortexM3\ARM_GCC_484\Debug\Filter_ADC_VDAC01.a(DMA_2_dma.o)
 .comment       0x00000000       0x71 .\CortexM3\ARM_GCC_484\Debug\Filter_ADC_VDAC01.a(DMA_1_dma.o)
 .comment       0x00000000       0x71 .\CortexM3\ARM_GCC_484\Debug\Filter_ADC_VDAC01.a(CyFlash.o)
 .comment       0x00000000       0x71 .\CortexM3\ARM_GCC_484\Debug\Filter_ADC_VDAC01.a(CySpc.o)

.debug_weaknames
 *(.debug_weaknames)

.debug_funcnames
 *(.debug_funcnames)

.debug_typenames
 *(.debug_typenames)

.debug_varnames
 *(.debug_varnames)

.note.gnu.arm.ident
 *(.note.gnu.arm.ident)

.ARM.attributes
                0x00000000       0x29
 *(.ARM.attributes)
 .ARM.attributes
                0x00000000       0x1d c:/program files/cypress/psoc creator/3.2/psoc creator/import/gnu/arm/4.8.4/bin/../lib/gcc/arm-none-eabi/4.8.4/armv7-m/crti.o
 .ARM.attributes
                0x0000001d       0x2d c:/program files/cypress/psoc creator/3.2/psoc creator/import/gnu/arm/4.8.4/bin/../lib/gcc/arm-none-eabi/4.8.4/armv7-m/crtbegin.o
 .ARM.attributes
                0x0000004a       0x1b c:/program files/cypress/psoc creator/3.2/psoc creator/import/gnu/arm/4.8.4/bin/../lib/gcc/arm-none-eabi/4.8.4/../../../../arm-none-eabi/lib/armv7-m/crt0.o
 .ARM.attributes
                0x00000065       0x33 .\CortexM3\ARM_GCC_484\Debug\main.o
 .ARM.attributes
                0x00000098       0x33 .\CortexM3\ARM_GCC_484\Debug\cymetadata.o
 .ARM.attributes
                0x000000cb       0x33 .\CortexM3\ARM_GCC_484\Debug\Cm3Start.o
 .ARM.attributes
                0x000000fe       0x33 .\CortexM3\ARM_GCC_484\Debug\Filter_ADC_VDAC01.a(cyfitter_cfg.o)
 .ARM.attributes
                0x00000131       0x33 .\CortexM3\ARM_GCC_484\Debug\Filter_ADC_VDAC01.a(DMA_dma.o)
 .ARM.attributes
                0x00000164       0x33 .\CortexM3\ARM_GCC_484\Debug\Filter_ADC_VDAC01.a(ADC_DelSig.o)
 .ARM.attributes
                0x00000197       0x33 .\CortexM3\ARM_GCC_484\Debug\Filter_ADC_VDAC01.a(ADC_DelSig_INT.o)
 .ARM.attributes
                0x000001ca       0x33 .\CortexM3\ARM_GCC_484\Debug\Filter_ADC_VDAC01.a(VDAC8.o)
 .ARM.attributes
                0x000001fd       0x33 .\CortexM3\ARM_GCC_484\Debug\Filter_ADC_VDAC01.a(Filter.o)
 .ARM.attributes
                0x00000230       0x33 .\CortexM3\ARM_GCC_484\Debug\Filter_ADC_VDAC01.a(Filter_PVT.o)
 .ARM.attributes
                0x00000263       0x33 .\CortexM3\ARM_GCC_484\Debug\Filter_ADC_VDAC01.a(Filter_RAM_Data.o)
 .ARM.attributes
                0x00000296       0x33 .\CortexM3\ARM_GCC_484\Debug\Filter_ADC_VDAC01.a(ADC_DelSig_Ext_CP_Clk.o)
 .ARM.attributes
                0x000002c9       0x33 .\CortexM3\ARM_GCC_484\Debug\Filter_ADC_VDAC01.a(ADC_DelSig_IRQ.o)
 .ARM.attributes
                0x000002fc       0x33 .\CortexM3\ARM_GCC_484\Debug\Filter_ADC_VDAC01.a(ADC_DelSig_theACLK.o)
 .ARM.attributes
                0x0000032f       0x21 .\CortexM3\ARM_GCC_484\Debug\Filter_ADC_VDAC01.a(CyBootAsmGnu.o)
 .ARM.attributes
                0x00000350       0x33 .\CortexM3\ARM_GCC_484\Debug\Filter_ADC_VDAC01.a(CyDmac.o)
 .ARM.attributes
                0x00000383       0x33 .\CortexM3\ARM_GCC_484\Debug\Filter_ADC_VDAC01.a(CyLib.o)
 .ARM.attributes
                0x000003b6       0x33 .\CortexM3\ARM_GCC_484\Debug\Filter_ADC_VDAC01.a(cyPm.o)
 .ARM.attributes
                0x000003e9       0x33 .\CortexM3\ARM_GCC_484\Debug\Filter_ADC_VDAC01.a(DMA_2_dma.o)
 .ARM.attributes
                0x0000041c       0x33 .\CortexM3\ARM_GCC_484\Debug\Filter_ADC_VDAC01.a(DMA_1_dma.o)
 .ARM.attributes
                0x0000044f       0x33 .\CortexM3\ARM_GCC_484\Debug\Filter_ADC_VDAC01.a(CyFlash.o)
 .ARM.attributes
                0x00000482       0x33 .\CortexM3\ARM_GCC_484\Debug\Filter_ADC_VDAC01.a(CySpc.o)
 .ARM.attributes
                0x000004b5       0x1d c:/program files/cypress/psoc creator/3.2/psoc creator/import/gnu/arm/4.8.4/bin/../lib/gcc/arm-none-eabi/4.8.4/armv7-m\libgcc.a(_arm_addsubdf3.o)
 .ARM.attributes
                0x000004d2       0x1d c:/program files/cypress/psoc creator/3.2/psoc creator/import/gnu/arm/4.8.4/bin/../lib/gcc/arm-none-eabi/4.8.4/armv7-m\libgcc.a(_arm_cmpdf2.o)
 .ARM.attributes
                0x000004ef       0x1d c:/program files/cypress/psoc creator/3.2/psoc creator/import/gnu/arm/4.8.4/bin/../lib/gcc/arm-none-eabi/4.8.4/armv7-m\libgcc.a(_arm_addsubsf3.o)
 .ARM.attributes
                0x0000050c       0x1d c:/program files/cypress/psoc creator/3.2/psoc creator/import/gnu/arm/4.8.4/bin/../lib/gcc/arm-none-eabi/4.8.4/armv7-m\libgcc.a(_arm_muldivsf3.o)
 .ARM.attributes
                0x00000529       0x1d c:/program files/cypress/psoc creator/3.2/psoc creator/import/gnu/arm/4.8.4/bin/../lib/gcc/arm-none-eabi/4.8.4/armv7-m\libgcc.a(_arm_fixunssfsi.o)
 .ARM.attributes
                0x00000546       0x2d c:/program files/cypress/psoc creator/3.2/psoc creator/import/gnu/arm/4.8.4/bin/../lib/gcc/arm-none-eabi/4.8.4/../../../../arm-none-eabi/lib/armv7-m\libg_s.a(lib_a-errno.o)
 .ARM.attributes
                0x00000573       0x2d c:/program files/cypress/psoc creator/3.2/psoc creator/import/gnu/arm/4.8.4/bin/../lib/gcc/arm-none-eabi/4.8.4/../../../../arm-none-eabi/lib/armv7-m\libg_s.a(lib_a-exit.o)
 .ARM.attributes
                0x000005a0       0x2d c:/program files/cypress/psoc creator/3.2/psoc creator/import/gnu/arm/4.8.4/bin/../lib/gcc/arm-none-eabi/4.8.4/../../../../arm-none-eabi/lib/armv7-m\libg_s.a(lib_a-impure.o)
 .ARM.attributes
                0x000005cd       0x2d c:/program files/cypress/psoc creator/3.2/psoc creator/import/gnu/arm/4.8.4/bin/../lib/gcc/arm-none-eabi/4.8.4/../../../../arm-none-eabi/lib/armv7-m\libg_s.a(lib_a-init.o)
 .ARM.attributes
                0x000005fa       0x2d c:/program files/cypress/psoc creator/3.2/psoc creator/import/gnu/arm/4.8.4/bin/../lib/gcc/arm-none-eabi/4.8.4/../../../../arm-none-eabi/lib/armv7-m\libg_s.a(lib_a-memcpy-stub.o)
 .ARM.attributes
                0x00000627       0x2d c:/program files/cypress/psoc creator/3.2/psoc creator/import/gnu/arm/4.8.4/bin/../lib/gcc/arm-none-eabi/4.8.4/../../../../arm-none-eabi/lib/armv7-m\libg_s.a(lib_a-memset.o)
 .ARM.attributes
                0x00000654       0x2d c:/program files/cypress/psoc creator/3.2/psoc creator/import/gnu/arm/4.8.4/bin/../lib/gcc/arm-none-eabi/4.8.4/armv7-m/crtend.o
 .ARM.attributes
                0x00000681       0x1d c:/program files/cypress/psoc creator/3.2/psoc creator/import/gnu/arm/4.8.4/bin/../lib/gcc/arm-none-eabi/4.8.4/armv7-m/crtn.o

/DISCARD/
 *(.note.GNU-stack)
OUTPUT(.\CortexM3\ARM_GCC_484\Debug\Filter_ADC_VDAC01.elf elf32-littlearm)
